<html>
<body>
<pre>
<h1>礦ision Build Log</h1>
<h2>Tool Versions:</h2>
IDE-Version: μVision V5.18a
Copyright (C) 2016 ARM Ltd and ARM Germany GmbH. All rights reserved.
License Information: 55 AutoBVT, Microsoft, LIC=WHY8T-RGRY1-NANDU-SQ2RP-JECBD-0WHKB
 
Tool Versions:
Toolchain:       MDK-ARM Standard  Version: 5.18a
Toolchain Path:  d:\Keil_v5\ARM\ARMCC\Bin
C Compiler:      Armcc.exe V5.06 update 1 (build 61)
Assembler:       Armasm.exe V5.06 update 1 (build 61)
Linker/Locator:  ArmLink.exe V5.06 update 1 (build 61)
Library Manager: ArmAr.exe V5.06 update 1 (build 61)
Hex Converter:   FromElf.exe V5.06 update 1 (build 61)
CPU DLL:         SARMCM3.DLL V5.18a
Dialog DLL:      DARMSTM.DLL V1.65.0.0
Target DLL:      Segger\JL2CM3.dll V2.99.19.0
Dialog DLL:      TARMSTM.DLL V1.64.0.0
 
<h2>Project:</h2>
F:\客户资料\YX60918-STM32F103C8T6核心板-190513\STM32F103C8T6核心板资料\60918-STM32（C8T6）\STM32F103C8T6核心板测试程序(RTC)\Project\MDK-ARM\RTC.uvproj
Project File Date:  04/07/2020

<h2>Output:</h2>
*** Using Compiler 'V5.06 update 1 (build 61)', folder: 'd:\Keil_v5\ARM\ARMCC\Bin'
Rebuild target 'RTC'
assembling startup_stm32f10x_md.s...
compiling main.c...
compiling stm32f10x_it.c...
compiling stm32f10x_bkp.c...
compiling stm32f10x_adc.c...
compiling misc.c...
compiling stm32f10x_can.c...
compiling stm32f10x_cec.c...
compiling stm32f10x_dac.c...
compiling stm32f10x_crc.c...
compiling stm32f10x_dbgmcu.c...
compiling stm32f10x_exti.c...
compiling stm32f10x_flash.c...
compiling stm32f10x_dma.c...
compiling stm32f10x_gpio.c...
compiling stm32f10x_fsmc.c...
compiling stm32f10x_i2c.c...
compiling stm32f10x_iwdg.c...
compiling stm32f10x_pwr.c...
compiling stm32f10x_rcc.c...
compiling stm32f10x_rtc.c...
compiling stm32f10x_sdio.c...
compiling stm32f10x_spi.c...
compiling stm32f10x_usart.c...
compiling stm32f10x_tim.c...
compiling usart.c...
compiling stm32f10x_wwdg.c...
compiling system_stm32f10x.c...
compiling RTC_Time.c...
..\..\BSP\RTC_Time.c(272): warning:  #177-D: function "USART_Scanf" was declared but never referenced
  static uint16_t USART_Scanf(uint32_t min_value,uint32_t max_value,uint8_t lenght)
..\..\BSP\RTC_Time.c: 1 warning, 0 errors
compiling led.c...
linking...
Program Size: Code=7202 RO-data=570 RW-data=56 ZI-data=1072  
FromELF: creating hex file...
".\obj\YD_DEMO.axf" - 0 Error(s), 1 Warning(s).
Build Time Elapsed:  00:00:09
</pre>
</body>
</html>
