Component: ARM Compiler 5.06 update 7 (build 960) Tool: armlink [4d3601]

==============================================================================

Section Cross References

    startup_stm32f10x_md.o(RESET) refers to startup_stm32f10x_md.o(STACK) for __initial_sp
    startup_stm32f10x_md.o(RESET) refers to startup_stm32f10x_md.o(.text) for Reset_Handler
    startup_stm32f10x_md.o(RESET) refers to stm32f10x_it.o(.text) for NMI_Handler
    startup_stm32f10x_md.o(.text) refers to system_stm32f10x.o(.text) for SystemInit
    startup_stm32f10x_md.o(.text) refers to entry.o(.ARM.Collect$$$$00000000) for __main
    system_stm32f10x.o(.text) refers to system_stm32f10x.o(.data) for SystemCoreClock
    stm32f10x_adc.o(.text) refers to stm32f10x_rcc.o(.text) for RCC_APB2PeriphResetCmd
    stm32f10x_bkp.o(.text) refers to stm32f10x_rcc.o(.text) for RCC_BackupResetCmd
    stm32f10x_can.o(.text) refers to stm32f10x_rcc.o(.text) for RCC_APB1PeriphResetCmd
    stm32f10x_cec.o(.text) refers to stm32f10x_rcc.o(.text) for RCC_APB1PeriphResetCmd
    stm32f10x_dac.o(.text) refers to stm32f10x_rcc.o(.text) for RCC_APB1PeriphResetCmd
    stm32f10x_gpio.o(.text) refers to stm32f10x_rcc.o(.text) for RCC_APB2PeriphResetCmd
    stm32f10x_i2c.o(.text) refers to stm32f10x_rcc.o(.text) for RCC_APB1PeriphResetCmd
    stm32f10x_pwr.o(.text) refers to stm32f10x_rcc.o(.text) for RCC_APB1PeriphResetCmd
    stm32f10x_rcc.o(.text) refers to stm32f10x_rcc.o(.data) for APBAHBPrescTable
    stm32f10x_spi.o(.text) refers to stm32f10x_rcc.o(.text) for RCC_APB2PeriphResetCmd
    stm32f10x_tim.o(.text) refers to stm32f10x_rcc.o(.text) for RCC_APB2PeriphResetCmd
    stm32f10x_usart.o(.text) refers to stm32f10x_rcc.o(.text) for RCC_APB2PeriphResetCmd
    stm32f10x_wwdg.o(.text) refers to stm32f10x_rcc.o(.text) for RCC_APB1PeriphResetCmd
    main.o(.text) refers to bsp_beep.o(.text) for LED_GPIO_Config
    main.o(.text) refers to bsp_key.o(.text) for Key_GPIO_Config
    main.o(.text) refers to bsp_usart.o(.text) for USART_Config
    main.o(.text) refers to stm32f10x_usart.o(.text) for USART_ITConfig
    main.o(.text) refers to bsp_generaltim.o(.text) for GENERAL_TIM_Init
    main.o(.text) refers to stm32f10x_gpio.o(.text) for GPIO_SetBits
    main.o(.text) refers to esp8266.o(.text) for ESP8266_SendJson
    main.o(.text) refers to main.o(.bss) for DeviceID
    main.o(.text) refers to main.o(.data) for time
    stm32f10x_it.o(.text) refers to stm32f10x_tim.o(.text) for TIM_GetITStatus
    stm32f10x_it.o(.text) refers to stm32f10x_usart.o(.text) for USART_GetITStatus
    stm32f10x_it.o(.text) refers to stm32f10x_rtc.o(.text) for RTC_GetITStatus
    stm32f10x_it.o(.text) refers to main.o(.data) for time
    stm32f10x_it.o(.text) refers to main.o(.bss) for aRxBuffer
    stm32f10x_it.o(.text) refers to bsp_rtc.o(.data) for TimeDisplay
    bsp_calendar.o(.text) refers to bsp_calendar.o(.constdata) for year_code
    bsp_calendar.o(.text) refers to bsp_calendar.o(.data) for sky
    bsp_calendar.o(.data) refers to bsp_calendar.o(.conststring) for .conststring
    bsp_date.o(.text) refers to memcpya.o(.text) for __aeabi_memcpy4
    bsp_date.o(.text) refers to bsp_date.o(.constdata) for .constdata
    bsp_date.o(.text) refers to bsp_date.o(.data) for month_days
    bsp_rtc.o(.text) refers to misc.o(.text) for NVIC_PriorityGroupConfig
    bsp_rtc.o(.text) refers to stm32f10x_rcc.o(.text) for RCC_APB1PeriphClockCmd
    bsp_rtc.o(.text) refers to stm32f10x_pwr.o(.text) for PWR_BackupAccessCmd
    bsp_rtc.o(.text) refers to stm32f10x_bkp.o(.text) for BKP_DeInit
    bsp_rtc.o(.text) refers to stm32f10x_rtc.o(.text) for RTC_WaitForSynchro
    bsp_rtc.o(.text) refers to bsp_date.o(.text) for GregorianDay
    bsp_rtc.o(.text) refers to printf8.o(i.__0printf$8) for __2printf
    bsp_rtc.o(.text) refers to bsp_usart.o(.text) for numscanf
    bsp_rtc.o(.text) refers to bsp_calendar.o(.text) for GetChinaCalendar
    bsp_rtc.o(.text) refers to atoi.o(.text) for atoi
    bsp_rtc.o(.text) refers to bsp_rtc.o(.conststring) for .conststring
    bsp_rtc.o(.text) refers to bsp_rtc.o(.data) for FirstDisplay
    bsp_rtc.o(.data) refers to bsp_rtc.o(.conststring) for .conststring
    bsp_usart.o(.text) refers to misc.o(.text) for NVIC_PriorityGroupConfig
    bsp_usart.o(.text) refers to stm32f10x_rcc.o(.text) for RCC_APB2PeriphClockCmd
    bsp_usart.o(.text) refers to stm32f10x_gpio.o(.text) for GPIO_Init
    bsp_usart.o(.text) refers to stm32f10x_usart.o(.text) for USART_Init
    bsp_usart.o(.text) refers to strlen.o(.text) for strlen
    bsp_usart.o(.text) refers to dflti.o(.text) for __aeabi_i2d
    bsp_usart.o(.text) refers to pow.o(i.pow) for pow
    bsp_usart.o(.text) refers to ddiv.o(.text) for __aeabi_ddiv
    bsp_usart.o(.text) refers to dadd.o(.text) for __aeabi_dadd
    bsp_usart.o(.text) refers to dmul.o(.text) for __aeabi_dmul
    bsp_usart.o(.text) refers to d2f.o(.text) for __aeabi_d2f
    bsp_usart.o(.text) refers to printf8.o(i.__0printf$8) for __2printf
[...]
    printf6.o(i.__0snprintf$6) refers to printf6.o(i._snputc) for _snputc
    printf6.o(i.__0sprintf$6) refers to printf6.o(i._printf_core) for _printf_core
    printf6.o(i.__0sprintf$6) refers to printf6.o(i._sputc) for _sputc
    printf6.o(i.__0vfprintf$6) refers to printf6.o(i._printf_core) for _printf_core
    printf6.o(i.__0vfprintf$6) refers to bsp_usart.o(.text) for fputc
    printf6.o(i.__0vprintf$6) refers to printf6.o(i._printf_core) for _printf_core
    printf6.o(i.__0vprintf$6) refers to bsp_usart.o(.text) for fputc
    printf6.o(i.__0vprintf$6) refers to stdout.o(.data) for __stdout
    printf6.o(i.__0vsnprintf$6) refers to printf6.o(i._printf_core) for _printf_core
    printf6.o(i.__0vsnprintf$6) refers to printf6.o(i._snputc) for _snputc
    printf6.o(i.__0vsprintf$6) refers to printf6.o(i._printf_core) for _printf_core
    printf6.o(i.__0vsprintf$6) refers to printf6.o(i._sputc) for _sputc
    printf6.o(i._printf_core) refers to printf6.o(i._printf_pre_padding) for _printf_pre_padding
    printf6.o(i._printf_core) refers to uidiv.o(.text) for __aeabi_uidivmod
    printf6.o(i._printf_core) refers to printf6.o(i._printf_post_padding) for _printf_post_padding
    printf7.o(i.__0fprintf$7) refers to printf7.o(i._printf_core) for _printf_core
    printf7.o(i.__0fprintf$7) refers to bsp_usart.o(.text) for fputc
    printf7.o(i.__0printf$7) refers to printf7.o(i._printf_core) for _printf_core
    printf7.o(i.__0printf$7) refers to bsp_usart.o(.text) for fputc
    printf7.o(i.__0printf$7) refers to stdout.o(.data) for __stdout
    printf7.o(i.__0snprintf$7) refers to printf7.o(i._printf_core) for _printf_core
    printf7.o(i.__0snprintf$7) refers to printf7.o(i._snputc) for _snputc
    printf7.o(i.__0sprintf$7) refers to printf7.o(i._printf_core) for _printf_core
    printf7.o(i.__0sprintf$7) refers to printf7.o(i._sputc) for _sputc
    printf7.o(i.__0vfprintf$7) refers to printf7.o(i._printf_core) for _printf_core
    printf7.o(i.__0vfprintf$7) refers to bsp_usart.o(.text) for fputc
    printf7.o(i.__0vprintf$7) refers to printf7.o(i._printf_core) for _printf_core
    printf7.o(i.__0vprintf$7) refers to bsp_usart.o(.text) for fputc
    printf7.o(i.__0vprintf$7) refers to stdout.o(.data) for __stdout
    printf7.o(i.__0vsnprintf$7) refers to printf7.o(i._printf_core) for _printf_core
    printf7.o(i.__0vsnprintf$7) refers to printf7.o(i._snputc) for _snputc
    printf7.o(i.__0vsprintf$7) refers to printf7.o(i._printf_core) for _printf_core
    printf7.o(i.__0vsprintf$7) refers to printf7.o(i._sputc) for _sputc
    printf7.o(i._printf_core) refers to printf7.o(i._printf_pre_padding) for _printf_pre_padding
    printf7.o(i._printf_core) refers to uldiv.o(.text) for __aeabi_uldivmod
    printf7.o(i._printf_core) refers to printf7.o(i._printf_post_padding) for _printf_post_padding
    printf8.o(i.__0fprintf$8) refers to printf8.o(i._printf_core) for _printf_core
    printf8.o(i.__0fprintf$8) refers to bsp_usart.o(.text) for fputc
    printf8.o(i.__0printf$8) refers to printf8.o(i._printf_core) for _printf_core
    printf8.o(i.__0printf$8) refers to bsp_usart.o(.text) for fputc
    printf8.o(i.__0printf$8) refers to stdout.o(.data) for __stdout
    printf8.o(i.__0snprintf$8) refers to printf8.o(i._printf_core) for _printf_core
    printf8.o(i.__0snprintf$8) refers to printf8.o(i._snputc) for _snputc
    printf8.o(i.__0sprintf$8) refers to printf8.o(i._printf_core) for _printf_core
    printf8.o(i.__0sprintf$8) refers to printf8.o(i._sputc) for _sputc
    printf8.o(i.__0vfprintf$8) refers to printf8.o(i._printf_core) for _printf_core
    printf8.o(i.__0vfprintf$8) refers to bsp_usart.o(.text) for fputc
    printf8.o(i.__0vprintf$8) refers to printf8.o(i._printf_core) for _printf_core
    printf8.o(i.__0vprintf$8) refers to bsp_usart.o(.text) for fputc
    printf8.o(i.__0vprintf$8) refers to stdout.o(.data) for __stdout
    printf8.o(i.__0vsnprintf$8) refers to printf8.o(i._printf_core) for _printf_core
    printf8.o(i.__0vsnprintf$8) refers to printf8.o(i._snputc) for _snputc
    printf8.o(i.__0vsprintf$8) refers to printf8.o(i._printf_core) for _printf_core
    printf8.o(i.__0vsprintf$8) refers to printf8.o(i._sputc) for _sputc
    printf8.o(i._printf_core) refers to printf8.o(i._printf_pre_padding) for _printf_pre_padding
    printf8.o(i._printf_core) refers to uldiv.o(.text) for __aeabi_uldivmod
    printf8.o(i._printf_core) refers to printf8.o(i._printf_post_padding) for _printf_post_padding
    printfa.o(i.__0fprintf) refers (Special) to iusefp.o(.text) for __I$use$fp
    printfa.o(i.__0fprintf) refers to printfa.o(i._printf_core) for _printf_core
    printfa.o(i.__0fprintf) refers to bsp_usart.o(.text) for fputc
    printfa.o(i.__0printf) refers (Special) to iusefp.o(.text) for __I$use$fp
    printfa.o(i.__0printf) refers to printfa.o(i._printf_core) for _printf_core
    printfa.o(i.__0printf) refers to bsp_usart.o(.text) for fputc
    printfa.o(i.__0printf) refers to stdout.o(.data) for __stdout
    printfa.o(i.__0snprintf) refers (Special) to iusefp.o(.text) for __I$use$fp
    printfa.o(i.__0snprintf) refers to printfa.o(i._printf_core) for _printf_core
    printfa.o(i.__0snprintf) refers to printfa.o(i._snputc) for _snputc
    printfa.o(i.__0sprintf) refers (Special) to iusefp.o(.text) for __I$use$fp
    printfa.o(i.__0sprintf) refers to printfa.o(i._printf_core) for _printf_core
    printfa.o(i.__0sprintf) refers to printfa.o(i._sputc) for _sputc
    printfa.o(i.__0vfprintf) refers (Special) to iusefp.o(.text) for __I$use$fp
    printfa.o(i.__0vfprintf) refers to printfa.o(i._printf_core) for _printf_core
    printfa.o(i.__0vfprintf) refers to bsp_usart.o(.text) for fputc
    printfa.o(i.__0vprintf) refers (Special) to iusefp.o(.text) for __I$use$fp
    printfa.o(i.__0vprintf) refers to printfa.o(i._printf_core) for _printf_core
    printfa.o(i.__0vprintf) refers to bsp_usart.o(.text) for fputc
    printfa.o(i.__0vprintf) refers to stdout.o(.data) for __stdout
    printfa.o(i.__0vsnprintf) refers (Special) to iusefp.o(.text) for __I$use$fp
    printfa.o(i.__0vsnprintf) refers to printfa.o(i._printf_core) for _printf_core
    printfa.o(i.__0vsnprintf) refers to printfa.o(i._snputc) for _snputc
    printfa.o(i.__0vsprintf) refers (Special) to iusefp.o(.text) for __I$use$fp
    printfa.o(i.__0vsprintf) refers to printfa.o(i._printf_core) for _printf_core
    printfa.o(i.__0vsprintf) refers to printfa.o(i._sputc) for _sputc
    printfa.o(i._fp_digits) refers (Special) to iusefp.o(.text) for __I$use$fp
    printfa.o(i._fp_digits) refers to dmul.o(.text) for __aeabi_dmul
    printfa.o(i._fp_digits) refers to ddiv.o(.text) for __aeabi_ddiv
    printfa.o(i._fp_digits) refers to cdrcmple.o(.text) for __aeabi_cdrcmple
    printfa.o(i._fp_digits) refers to dadd.o(.text) for __aeabi_dadd
    printfa.o(i._fp_digits) refers to dfixul.o(.text) for __aeabi_d2ulz
    printfa.o(i._fp_digits) refers to uldiv.o(.text) for __aeabi_uldivmod
    printfa.o(i._printf_core) refers (Special) to iusefp.o(.text) for __I$use$fp
    printfa.o(i._printf_core) refers to printfa.o(i._printf_pre_padding) for _printf_pre_padding
    printfa.o(i._printf_core) refers to uldiv.o(.text) for __aeabi_uldivmod
    printfa.o(i._printf_core) refers to printfa.o(i._printf_post_padding) for _printf_post_padding
    printfa.o(i._printf_core) refers to printfa.o(i._fp_digits) for _fp_digits
    printfa.o(i._printf_core) refers to uidiv.o(.text) for __aeabi_uidivmod
    printfa.o(i._printf_post_padding) refers (Special) to iusefp.o(.text) for __I$use$fp
    printfa.o(i._printf_pre_padding) refers (Special) to iusefp.o(.text) for __I$use$fp
    printfa.o(i._snputc) refers (Special) to iusefp.o(.text) for __I$use$fp
    printfa.o(i._sputc) refers (Special) to iusefp.o(.text) for __I$use$fp
    strtoul.o(.text) refers to errno.o(i.__aeabi_errno_addr) for __aeabi_errno_addr
    strtoul.o(.text) refers to ctype_o.o(.text) for __rt_ctype_table
    strtoul.o(.text) refers to _strtoul.o(.text) for _strtoul
    atoi.o(.text) refers to errno.o(i.__aeabi_errno_addr) for __aeabi_errno_addr
    atoi.o(.text) refers to strtol.o(.text) for strtol
    dadd.o(.text) refers (Special) to iusefp.o(.text) for __I$use$fp
    dadd.o(.text) refers to llshl.o(.text) for __aeabi_llsl
    dadd.o(.text) refers to llsshr.o(.text) for __aeabi_lasr
    dadd.o(.text) refers to depilogue.o(.text) for _double_epilogue
    dmul.o(.text) refers (Special) to iusefp.o(.text) for __I$use$fp
    dmul.o(.text) refers to depilogue.o(.text) for _double_epilogue
    ddiv.o(.text) refers (Special) to iusefp.o(.text) for __I$use$fp
    ddiv.o(.text) refers to depilogue.o(.text) for _double_round
    dflti.o(.text) refers (Special) to iusefp.o(.text) for __I$use$fp
    dflti.o(.text) refers to depilogue.o(.text) for _double_epilogue
    ffixi.o(.text) refers (Special) to iusefp.o(.text) for __I$use$fp
    d2f.o(.text) refers (Special) to iusefp.o(.text) for __I$use$fp
    d2f.o(.text) refers to fepilogue.o(.text) for _float_round
    dunder.o(i.__mathlib_dbl_divzero) refers to ddiv.o(.text) for __aeabi_ddiv
    dunder.o(i.__mathlib_dbl_infnan) refers to dscalb.o(.text) for __ARM_scalbn
    dunder.o(i.__mathlib_dbl_infnan2) refers to dadd.o(.text) for __aeabi_dadd
    dunder.o(i.__mathlib_dbl_invalid) refers to ddiv.o(.text) for __aeabi_ddiv
    dunder.o(i.__mathlib_dbl_overflow) refers to dscalb.o(.text) for __ARM_scalbn
    dunder.o(i.__mathlib_dbl_posinfnan) refers to dmul.o(.text) for __aeabi_dmul
    dunder.o(i.__mathlib_dbl_underflow) refers to dscalb.o(.text) for __ARM_scalbn
    fpclassify.o(i.__ARM_fpclassify) refers (Special) to iusefp.o(.text) for __I$use$fp
    poly.o(i.__kernel_poly) refers (Special) to iusefp.o(.text) for __I$use$fp
    poly.o(i.__kernel_poly) refers to dmul.o(.text) for __aeabi_dmul
    poly.o(i.__kernel_poly) refers to dadd.o(.text) for __aeabi_dadd
    qnan.o(.constdata) refers (Special) to iusefp.o(.text) for __I$use$fp
    sqrt.o(i.__softfp_sqrt) refers (Special) to iusefp.o(.text) for __I$use$fp
    sqrt.o(i.__softfp_sqrt) refers to dsqrt.o(.text) for _dsqrt
    sqrt.o(i.__softfp_sqrt) refers to errno.o(i.__set_errno) for __set_errno
    sqrt.o(i.sqrt) refers (Special) to iusefp.o(.text) for __I$use$fp
    sqrt.o(i.sqrt) refers to dsqrt.o(.text) for _dsqrt
    sqrt.o(i.sqrt) refers to errno.o(i.__set_errno) for __set_errno
    sqrt_x.o(i.____softfp_sqrt$lsc) refers (Special) to iusefp.o(.text) for __I$use$fp
    sqrt_x.o(i.____softfp_sqrt$lsc) refers to cdcmple.o(.text) for __aeabi_cdcmple
    sqrt_x.o(i.____softfp_sqrt$lsc) refers to errno.o(i.__set_errno) for __set_errno
    sqrt_x.o(i.____softfp_sqrt$lsc) refers to dsqrt.o(.text) for _dsqrt
    sqrt_x.o(i.__sqrt$lsc) refers (Special) to iusefp.o(.text) for __I$use$fp
    sqrt_x.o(i.__sqrt$lsc) refers to cdcmple.o(.text) for __aeabi_cdcmple
    sqrt_x.o(i.__sqrt$lsc) refers to errno.o(i.__set_errno) for __set_errno
    sqrt_x.o(i.__sqrt$lsc) refers to dsqrt.o(.text) for _dsqrt
    entry2.o(.ARM.Collect$$$$00000001) refers to entry2.o(.ARM.Collect$$$$00002712) for __lit__00000000
    entry2.o(.ARM.Collect$$$$00002712) refers to startup_stm32f10x_md.o(STACK) for __initial_sp
    entry2.o(__vectab_stack_and_reset_area) refers to startup_stm32f10x_md.o(STACK) for __initial_sp
    entry2.o(__vectab_stack_and_reset_area) refers to entry.o(.ARM.Collect$$$$00000000) for __main
    entry5.o(.ARM.Collect$$$$00000004) refers to init.o(.text) for __scatterload
    entry9a.o(.ARM.Collect$$$$0000000B) refers to main.o(.text) for main
    entry9b.o(.ARM.Collect$$$$0000000C) refers to main.o(.text) for main
    uldiv.o(.text) refers to llushr.o(.text) for __aeabi_llsr
    uldiv.o(.text) refers to llshl.o(.text) for __aeabi_llsl
    ctype_o.o(.text) refers to ctype_o.o(.constdata) for .constdata
    ctype_o.o(.constdata) refers to ctype_o.o(.constdata) for __ctype_table
    isalnum_o.o(.text) refers to ctype_o.o(.text) for __rt_ctype_table
    isalpha_o.o(.text) refers to ctype_o.o(.text) for __rt_ctype_table
    isblank_o.o(.text) refers to ctype_o.o(.constdata) for __ctype_table
    iscntrl_o.o(.text) refers to ctype_o.o(.text) for __rt_ctype_table
    isdigit_o.o(.text) refers to ctype_o.o(.text) for __rt_ctype_table
    isgraph_o.o(.text) refers to ctype_o.o(.text) for __rt_ctype_table
    islower_o.o(.text) refers to ctype_o.o(.text) for __rt_ctype_table
    isprint_o.o(.text) refers to ctype_o.o(.text) for __rt_ctype_table
    ispunct_o.o(.text) refers to ctype_o.o(.text) for __rt_ctype_table
    isspace_o.o(.text) refers to ctype_o.o(.text) for __rt_ctype_table
    isupper_o.o(.text) refers to ctype_o.o(.text) for __rt_ctype_table
    isxdigit_o.o(.text) refers to ctype_o.o(.text) for __rt_ctype_table
    errno.o(i.__aeabi_errno_addr) refers to errno.o(.data) for .data
    errno.o(i.__read_errno) refers to errno.o(.data) for .data
    errno.o(i.__set_errno) refers to errno.o(.data) for .data
    _strtoul.o(.text) refers to _chval.o(.text) for _chval
    _strtoul.o(.text) refers to errno.o(i.__aeabi_errno_addr) for __aeabi_errno_addr
    strtol.o(.text) refers to ctype_o.o(.text) for __rt_ctype_table
    strtol.o(.text) refers to _strtoul.o(.text) for _strtoul
    strtol.o(.text) refers to errno.o(i.__aeabi_errno_addr) for __aeabi_errno_addr
    depilogue.o(.text) refers to llshl.o(.text) for __aeabi_llsl
    depilogue.o(.text) refers to llushr.o(.text) for __aeabi_llsr
    dfixul.o(.text) refers to llushr.o(.text) for __aeabi_llsr
    dfixul.o(.text) refers to llshl.o(.text) for __aeabi_llsl
    init.o(.text) refers to entry5.o(.ARM.Collect$$$$00000004) for __main_after_scatterload
    dsqrt.o(.text) refers to llushr.o(.text) for __aeabi_llsr
    dsqrt.o(.text) refers to depilogue.o(.text) for _double_round


==============================================================================

Removing Unused input sections from the image.

    Removing startup_stm32f10x_md.o(HEAP), (512 bytes).
    Removing core_cm3.o(.emb_text), (32 bytes).
    Removing stm32f10x_adc.o(.text), (1102 bytes).
    Removing stm32f10x_bkp.o(.text), (196 bytes).
    Removing stm32f10x_can.o(.text), (2544 bytes).
    Removing stm32f10x_cec.o(.text), (288 bytes).
    Removing stm32f10x_crc.o(.text), (72 bytes).
    Removing stm32f10x_dac.o(.text), (396 bytes).
    Removing stm32f10x_dbgmcu.o(.text), (48 bytes).
    Removing stm32f10x_dma.o(.text), (596 bytes).
    Removing stm32f10x_exti.o(.text), (284 bytes).
    Removing stm32f10x_flash.o(.text), (1468 bytes).
    Removing stm32f10x_fsmc.o(.text), (1548 bytes).
    Removing stm32f10x_i2c.o(.text), (1028 bytes).
    Removing stm32f10x_iwdg.o(.text), (64 bytes).
    Removing stm32f10x_pwr.o(.text), (204 bytes).
    Removing stm32f10x_sdio.o(.text), (468 bytes).
    Removing stm32f10x_spi.o(.text), (780 bytes).
    Removing stm32f10x_wwdg.o(.text), (136 bytes).
    Removing bsp_calendar.o(.text), (1668 bytes).
    Removing bsp_calendar.o(.constdata), (814 bytes).
    Removing bsp_calendar.o(.conststring), (335 bytes).
    Removing bsp_calendar.o(.data), (248 bytes).
    Removing bsp_date.o(.text), (476 bytes).
    Removing bsp_date.o(.constdata), (48 bytes).
    Removing bsp_date.o(.data), (48 bytes).
    Removing bsp_rtc.o(.text), (1372 bytes).
    Removing dfixul.o(.text), (48 bytes).
    Removing cdcmple.o(.text), (48 bytes).

29 unused section(s) (total 16871 bytes) removed from the image.

==============================================================================

Image Symbol Table

    Local Symbols

    Symbol Name                              Value     Ov Type        Size  Object(Section)

    ../clib/microlib/ctype/ctype.c           0x00000000   Number         0  islower_o.o ABSOLUTE
    ../clib/microlib/ctype/ctype.c           0x00000000   Number         0  isspace_o.o ABSOLUTE
    ../clib/microlib/ctype/ctype.c           0x00000000   Number         0  ispunct_o.o ABSOLUTE
    ../clib/microlib/ctype/ctype.c           0x00000000   Number         0  isprint_o.o ABSOLUTE
    ../clib/microlib/ctype/ctype.c           0x00000000   Number         0  isgraph_o.o ABSOLUTE
    ../clib/microlib/ctype/ctype.c           0x00000000   Number         0  isdigit_o.o ABSOLUTE
    ../clib/microlib/ctype/ctype.c           0x00000000   Number         0  iscntrl_o.o ABSOLUTE
    ../clib/microlib/ctype/ctype.c           0x00000000   Number         0  isblank_o.o ABSOLUTE
    ../clib/microlib/ctype/ctype.c           0x00000000   Number         0  isalpha_o.o ABSOLUTE
    ../clib/microlib/ctype/ctype.c           0x00000000   Number         0  isalnum_o.o ABSOLUTE
    ../clib/microlib/ctype/ctype.c           0x00000000   Number         0  ctype_o.o ABSOLUTE
    ../clib/microlib/ctype/ctype.c           0x00000000   Number         0  isxdigit_o.o ABSOLUTE
    ../clib/microlib/ctype/ctype.c           0x00000000   Number         0  isupper_o.o ABSOLUTE
    ../clib/microlib/division.c              0x00000000   Number         0  uldiv.o ABSOLUTE
    ../clib/microlib/division.c              0x00000000   Number         0  uidiv.o ABSOLUTE
    ../clib/microlib/errno.c                 0x00000000   Number         0  errno.o ABSOLUTE
    ../clib/microlib/init/entry.s            0x00000000   Number         0  entry9b.o ABSOLUTE
    ../clib/microlib/init/entry.s            0x00000000   Number         0  entry2.o ABSOLUTE
    ../clib/microlib/init/entry.s            0x00000000   Number         0  entry7a.o ABSOLUTE
    ../clib/microlib/init/entry.s            0x00000000   Number         0  entry9a.o ABSOLUTE
    ../clib/microlib/init/entry.s            0x00000000   Number         0  entry5.o ABSOLUTE
    ../clib/microlib/init/entry.s            0x00000000   Number         0  entry8b.o ABSOLUTE
    ../clib/microlib/init/entry.s            0x00000000   Number         0  entry12b.o ABSOLUTE
    ../clib/microlib/init/entry.s            0x00000000   Number         0  entry12a.o ABSOLUTE
    ../clib/microlib/init/entry.s            0x00000000   Number         0  entry10b.o ABSOLUTE
    ../clib/microlib/init/entry.s            0x00000000   Number         0  entry11b.o ABSOLUTE
    ../clib/microlib/init/entry.s            0x00000000   Number         0  entry.o ABSOLUTE
    ../clib/microlib/init/entry.s            0x00000000   Number         0  entry10a.o ABSOLUTE
    ../clib/microlib/init/entry.s            0x00000000   Number         0  entry8a.o ABSOLUTE
    ../clib/microlib/init/entry.s            0x00000000   Number         0  entry11a.o ABSOLUTE
    ../clib/microlib/init/entry.s            0x00000000   Number         0  entry7b.o ABSOLUTE
    ../clib/microlib/longlong.c              0x00000000   Number         0  llsshr.o ABSOLUTE
    ../clib/microlib/longlong.c              0x00000000   Number         0  llushr.o ABSOLUTE
    ../clib/microlib/longlong.c              0x00000000   Number         0  llshl.o ABSOLUTE
    ../clib/microlib/printf/printf.c         0x00000000   Number         0  printf8.o ABSOLUTE
    ../clib/microlib/printf/printf.c         0x00000000   Number         0  printf7.o ABSOLUTE
    ../clib/microlib/printf/printf.c         0x00000000   Number         0  printf3.o ABSOLUTE
    ../clib/microlib/printf/printf.c         0x00000000   Number         0  printfa.o ABSOLUTE
    ../clib/microlib/printf/printf.c         0x00000000   Number         0  printfb.o ABSOLUTE
    ../clib/microlib/printf/printf.c         0x00000000   Number         0  printf0.o ABSOLUTE
    ../clib/microlib/printf/printf.c         0x00000000   Number         0  printf1.o ABSOLUTE
    ../clib/microlib/printf/printf.c         0x00000000   Number         0  printf2.o ABSOLUTE
    ../clib/microlib/printf/printf.c         0x00000000   Number         0  printf4.o ABSOLUTE
    ../clib/microlib/printf/printf.c         0x00000000   Number         0  printf6.o ABSOLUTE
    ../clib/microlib/printf/printf.c         0x00000000   Number         0  printf5.o ABSOLUTE
    ../clib/microlib/printf/stubs.s          0x00000000   Number         0  stubs.o ABSOLUTE
    ../clib/microlib/stdio/streams.c         0x00000000   Number         0  stdout.o ABSOLUTE
    ../clib/microlib/string/memcpy.c         0x00000000   Number         0  memcpya.o ABSOLUTE
    ../clib/microlib/string/memcpy.c         0x00000000   Number         0  memcpyb.o ABSOLUTE
    ../clib/microlib/string/memset.c         0x00000000   Number         0  memseta.o ABSOLUTE
    ../clib/microlib/string/strcat.c         0x00000000   Number         0  strcat.o ABSOLUTE
    ../clib/microlib/string/strlen.c         0x00000000   Number         0  strlen.o ABSOLUTE
    ../clib/microlib/string/strstr.c         0x00000000   Number         0  strstr.o ABSOLUTE
    ../clib/microlib/stubs.s                 0x00000000   Number         0  iusefp.o ABSOLUTE
    ../clib/scanf.c                          0x00000000   Number         0  _chval.o ABSOLUTE
    ../clib/scanf.c                          0x00000000   Number         0  strtoul.o ABSOLUTE
    ../clib/scanf.c                          0x00000000   Number         0  atoi.o ABSOLUTE
    ../clib/scanf.c                          0x00000000   Number         0  _strtoul.o ABSOLUTE
    ../clib/scanf.c                          0x00000000   Number         0  strtol.o ABSOLUTE
    ../fplib/microlib/d2f.c                  0x00000000   Number         0  d2f.o ABSOLUTE
    ../fplib/microlib/fpadd.c                0x00000000   Number         0  dadd.o ABSOLUTE
    ../fplib/microlib/fpdiv.c                0x00000000   Number         0  ddiv.o ABSOLUTE
    ../fplib/microlib/fpepilogue.c           0x00000000   Number         0  fepilogue.o ABSOLUTE
    ../fplib/microlib/fpepilogue.c           0x00000000   Number         0  depilogue.o ABSOLUTE
    ../fplib/microlib/fpfix.c                0x00000000   Number         0  dfixul.o ABSOLUTE
    ../fplib/microlib/fpfix.c                0x00000000   Number         0  ffixi.o ABSOLUTE
    ../fplib/microlib/fpflt.c                0x00000000   Number         0  dflti.o ABSOLUTE
    ../fplib/microlib/fpmul.c                0x00000000   Number         0  dmul.o ABSOLUTE
    ../fplib/microlib/fpscalb.c              0x00000000   Number         0  dscalb.o ABSOLUTE
    ../fplib/microlib/fpsqrt.c               0x00000000   Number         0  dsqrt.o ABSOLUTE
    ../mathlib/dunder.c                      0x00000000   Number         0  dunder.o ABSOLUTE
    ../mathlib/fpclassify.c                  0x00000000   Number         0  fpclassify.o ABSOLUTE
    ../mathlib/poly.c                        0x00000000   Number         0  poly.o ABSOLUTE
    ../mathlib/pow.c                         0x00000000   Number         0  pow_x.o ABSOLUTE
    ../mathlib/pow.c                         0x00000000   Number         0  pow.o ABSOLUTE
    ../mathlib/qnan.c                        0x00000000   Number         0  qnan.o ABSOLUTE
    ../mathlib/sqrt.c                        0x00000000   Number         0  sqrt_x.o ABSOLUTE
    ../mathlib/sqrt.c                        0x00000000   Number         0  sqrt.o ABSOLUTE
    ..\..\Libraries\CMSIS\core_cm3.c         0x00000000   Number         0  core_cm3.o ABSOLUTE
    ..\..\Libraries\CMSIS\startup\startup_stm32f10x_md.s 0x00000000   Number         0  startup_stm32f10x_md.o ABSOLUTE
    ..\..\Libraries\CMSIS\system_stm32f10x.c 0x00000000   Number         0  system_stm32f10x.o ABSOLUTE
    ..\..\Libraries\FWlib\src\misc.c         0x00000000   Number         0  misc.o ABSOLUTE
    ..\..\Libraries\FWlib\src\stm32f10x_adc.c 0x00000000   Number         0  stm32f10x_adc.o ABSOLUTE
    ..\..\Libraries\FWlib\src\stm32f10x_bkp.c 0x00000000   Number         0  stm32f10x_bkp.o ABSOLUTE
    ..\..\Libraries\FWlib\src\stm32f10x_can.c 0x00000000   Number         0  stm32f10x_can.o ABSOLUTE
    ..\..\Libraries\FWlib\src\stm32f10x_cec.c 0x00000000   Number         0  stm32f10x_cec.o ABSOLUTE
    ..\..\Libraries\FWlib\src\stm32f10x_crc.c 0x00000000   Number         0  stm32f10x_crc.o ABSOLUTE
    ..\..\Libraries\FWlib\src\stm32f10x_dac.c 0x00000000   Number         0  stm32f10x_dac.o ABSOLUTE
    ..\..\Libraries\FWlib\src\stm32f10x_dbgmcu.c 0x00000000   Number         0  stm32f10x_dbgmcu.o ABSOLUTE
    ..\..\Libraries\FWlib\src\stm32f10x_dma.c 0x00000000   Number         0  stm32f10x_dma.o ABSOLUTE
    ..\..\Libraries\FWlib\src\stm32f10x_exti.c 0x00000000   Number         0  stm32f10x_exti.o ABSOLUTE
    ..\..\Libraries\FWlib\src\stm32f10x_flash.c 0x00000000   Number         0  stm32f10x_flash.o ABSOLUTE
    ..\..\Libraries\FWlib\src\stm32f10x_fsmc.c 0x00000000   Number         0  stm32f10x_fsmc.o ABSOLUTE
    ..\..\Libraries\FWlib\src\stm32f10x_gpio.c 0x00000000   Number         0  stm32f10x_gpio.o ABSOLUTE
    ..\..\Libraries\FWlib\src\stm32f10x_i2c.c 0x00000000   Number         0  stm32f10x_i2c.o ABSOLUTE
    ..\..\Libraries\FWlib\src\stm32f10x_iwdg.c 0x00000000   Number         0  stm32f10x_iwdg.o ABSOLUTE
    ..\..\Libraries\FWlib\src\stm32f10x_pwr.c 0x00000000   Number         0  stm32f10x_pwr.o ABSOLUTE
    ..\..\Libraries\FWlib\src\stm32f10x_rcc.c 0x00000000   Number         0  stm32f10x_rcc.o ABSOLUTE
    ..\..\Libraries\FWlib\src\stm32f10x_rtc.c 0x00000000   Number         0  stm32f10x_rtc.o ABSOLUTE
    ..\..\Libraries\FWlib\src\stm32f10x_sdio.c 0x00000000   Number         0  stm32f10x_sdio.o ABSOLUTE
    ..\..\Libraries\FWlib\src\stm32f10x_spi.c 0x00000000   Number         0  stm32f10x_spi.o ABSOLUTE
    ..\..\Libraries\FWlib\src\stm32f10x_tim.c 0x00000000   Number         0  stm32f10x_tim.o ABSOLUTE
    ..\..\Libraries\FWlib\src\stm32f10x_usart.c 0x00000000   Number         0  stm32f10x_usart.o ABSOLUTE
    ..\..\Libraries\FWlib\src\stm32f10x_wwdg.c 0x00000000   Number         0  stm32f10x_wwdg.o ABSOLUTE
    ..\..\User\beep\bsp_beep.c               0x00000000   Number         0  bsp_beep.o ABSOLUTE
    ..\..\User\esp8266\esp8266.c             0x00000000   Number         0  esp8266.o ABSOLUTE
    ..\..\User\key\bsp_key.c                 0x00000000   Number         0  bsp_key.o ABSOLUTE
    ..\..\User\main.c                        0x00000000   Number         0  main.o ABSOLUTE
    ..\..\User\rtc\bsp_calendar.c            0x00000000   Number         0  bsp_calendar.o ABSOLUTE
    ..\..\User\rtc\bsp_date.c                0x00000000   Number         0  bsp_date.o ABSOLUTE
    ..\..\User\rtc\bsp_rtc.c                 0x00000000   Number         0  bsp_rtc.o ABSOLUTE
    ..\..\User\stm32f10x_it.c                0x00000000   Number         0  stm32f10x_it.o ABSOLUTE
    ..\..\User\tim\bsp_GeneralTim.c          0x00000000   Number         0  bsp_generaltim.o ABSOLUTE
    ..\..\User\usart\bsp_usart.c             0x00000000   Number         0  bsp_usart.o ABSOLUTE
    ..\\..\\Libraries\\CMSIS\\core_cm3.c     0x00000000   Number         0  core_cm3.o ABSOLUTE
    cdcmple.s                                0x00000000   Number         0  cdcmple.o ABSOLUTE
    cdrcmple.s                               0x00000000   Number         0  cdrcmple.o ABSOLUTE
    dc.s                                     0x00000000   Number         0  dc.o ABSOLUTE
    handlers.s                               0x00000000   Number         0  handlers.o ABSOLUTE
    init.s                                   0x00000000   Number         0  init.o ABSOLUTE
    RESET                                    0x08000000   Section      236  startup_stm32f10x_md.o(RESET)
    .ARM.Collect$$$$00000000                 0x080000ec   Section        0  entry.o(.ARM.Collect$$$$00000000)
    .ARM.Collect$$$$00000001                 0x080000ec   Section        4  entry2.o(.ARM.Collect$$$$00000001)
    .ARM.Collect$$$$00000004                 0x080000f0   Section        4  entry5.o(.ARM.Collect$$$$00000004)
    .ARM.Collect$$$$00000008                 0x080000f4   Section        0  entry7b.o(.ARM.Collect$$$$00000008)
    .ARM.Collect$$$$0000000A                 0x080000f4   Section        0  entry8b.o(.ARM.Collect$$$$0000000A)
    .ARM.Collect$$$$0000000B                 0x080000f4   Section        8  entry9a.o(.ARM.Collect$$$$0000000B)
    .ARM.Collect$$$$0000000E                 0x080000fc   Section        4  entry12b.o(.ARM.Collect$$$$0000000E)
    .ARM.Collect$$$$0000000F                 0x08000100   Section        0  entry10a.o(.ARM.Collect$$$$0000000F)
    .ARM.Collect$$$$00000011                 0x08000100   Section        0  entry11a.o(.ARM.Collect$$$$00000011)
    .ARM.Collect$$$$00002712                 0x08000100   Section        4  entry2.o(.ARM.Collect$$$$00002712)
    __lit__00000000                          0x08000100   Data           4  entry2.o(.ARM.Collect$$$$00002712)
    .text                                    0x08000104   Section       36  startup_stm32f10x_md.o(.text)
    .text                                    0x08000128   Section        0  system_stm32f10x.o(.text)
    SetSysClockTo72                          0x08000129   Thumb Code   214  system_stm32f10x.o(.text)
    SetSysClock                              0x080001ff   Thumb Code     8  system_stm32f10x.o(.text)
    .text                                    0x08000308   Section        0  misc.o(.text)
    .text                                    0x080003e4   Section        0  stm32f10x_gpio.o(.text)
    .text                                    0x08000740   Section        0  stm32f10x_rcc.o(.text)
    .text                                    0x08000ae4   Section        0  stm32f10x_rtc.o(.text)
    .text                                    0x08000c2c   Section        0  stm32f10x_tim.o(.text)
    TI4_Config                               0x080010d3   Thumb Code   130  stm32f10x_tim.o(.text)
    TI3_Config                               0x08001167   Thumb Code   122  stm32f10x_tim.o(.text)
    TI2_Config                               0x080011fb   Thumb Code   130  stm32f10x_tim.o(.text)
    TI1_Config                               0x0800128f   Thumb Code   108  stm32f10x_tim.o(.text)
    .text                                    0x08001a48   Section        0  stm32f10x_usart.o(.text)
    .text                                    0x08001e50   Section        0  main.o(.text)
    .text                                    0x08001f24   Section        0  stm32f10x_it.o(.text)
    .text                                    0x08002018   Section        0  bsp_usart.o(.text)
    NVIC_Configuration                       0x08002019   Thumb Code    38  bsp_usart.o(.text)
    .text                                    0x0800222c   Section        0  esp8266.o(.text)
    .text                                    0x08002370   Section        0  bsp_beep.o(.text)
    .text                                    0x080023bc   Section        0  bsp_key.o(.text)
    .text                                    0x08002438   Section        0  bsp_generaltim.o(.text)
    GENERAL_TIM_NVIC_Config                  0x08002439   Thumb Code    42  bsp_generaltim.o(.text)
    GENERAL_TIM_Mode_Config                  0x08002463   Thumb Code    76  bsp_generaltim.o(.text)
    .text                                    0x080024ba   Section        0  memseta.o(.text)
    .text                                    0x080024de   Section        0  strcat.o(.text)
    .text                                    0x080024f6   Section        0  strstr.o(.text)
    .text                                    0x0800251a   Section        0  strlen.o(.text)
    .text                                    0x08002528   Section        0  strtoul.o(.text)
    .text                                    0x0800259a   Section        0  dadd.o(.text)
    .text                                    0x080026e8   Section        0  dmul.o(.text)
    .text                                    0x080027cc   Section        0  ddiv.o(.text)
    .text                                    0x080028aa   Section        0  dflti.o(.text)
    .text                                    0x080028cc   Section        0  ffixi.o(.text)
    .text                                    0x080028fe   Section        0  d2f.o(.text)
    .text                                    0x08002936   Section        0  uldiv.o(.text)
    .text                                    0x08002998   Section        0  llshl.o(.text)
    .text                                    0x080029b6   Section        0  llsshr.o(.text)
    .text                                    0x080029dc   Section        0  ctype_o.o(.text)
    .text                                    0x080029e4   Section        0  _strtoul.o(.text)
    .text                                    0x08002a82   Section        0  fepilogue.o(.text)
    .text                                    0x08002a82   Section        0  iusefp.o(.text)
    .text                                    0x08002af0   Section        0  depilogue.o(.text)
    .text                                    0x08002baa   Section        0  dscalb.o(.text)
    .text                                    0x08002bd8   Section       48  cdrcmple.o(.text)
    .text                                    0x08002c08   Section       36  init.o(.text)
    .text                                    0x08002c2c   Section        0  llushr.o(.text)
    .text                                    0x08002c4c   Section        0  _chval.o(.text)
    .text                                    0x08002c68   Section        0  dsqrt.o(.text)
    i.__0printf$8                            0x08002d0c   Section        0  printf8.o(i.__0printf$8)
    i.__0sprintf$8                           0x08002d2c   Section        0  printf8.o(i.__0sprintf$8)
    i.__ARM_fpclassify                       0x08002d54   Section        0  fpclassify.o(i.__ARM_fpclassify)
    i.__aeabi_errno_addr                     0x08002d7c   Section        0  errno.o(i.__aeabi_errno_addr)
    i.__kernel_poly                          0x08002d84   Section        0  poly.o(i.__kernel_poly)
    i.__mathlib_dbl_divzero                  0x08002e30   Section        0  dunder.o(i.__mathlib_dbl_divzero)
    i.__mathlib_dbl_infnan2                  0x08002e40   Section        0  dunder.o(i.__mathlib_dbl_infnan2)
    i.__mathlib_dbl_invalid                  0x08002e44   Section        0  dunder.o(i.__mathlib_dbl_invalid)
    i.__mathlib_dbl_overflow                 0x08002e50   Section        0  dunder.o(i.__mathlib_dbl_overflow)
    i.__mathlib_dbl_underflow                0x08002e60   Section        0  dunder.o(i.__mathlib_dbl_underflow)
    i.__scatterload_copy                     0x08002e70   Section       14  handlers.o(i.__scatterload_copy)
    i.__scatterload_null                     0x08002e7e   Section        2  handlers.o(i.__scatterload_null)
    i.__scatterload_zeroinit                 0x08002e80   Section       14  handlers.o(i.__scatterload_zeroinit)
    i.__set_errno                            0x08002e90   Section        0  errno.o(i.__set_errno)
    i._printf_core                           0x08002e9c   Section        0  printf8.o(i._printf_core)
    _printf_core                             0x08002e9d   Thumb Code   984  printf8.o(i._printf_core)
    i._printf_post_padding                   0x080032a0   Section        0  printf8.o(i._printf_post_padding)
    _printf_post_padding                     0x080032a1   Thumb Code    36  printf8.o(i._printf_post_padding)
    i._printf_pre_padding                    0x080032c4   Section        0  printf8.o(i._printf_pre_padding)
    _printf_pre_padding                      0x080032c5   Thumb Code    46  printf8.o(i._printf_pre_padding)
    i._sputc                                 0x080032f2   Section        0  printf8.o(i._sputc)
    _sputc                                   0x080032f3   Thumb Code    10  printf8.o(i._sputc)
    i.pow                                    0x080032fc   Section        0  pow.o(i.pow)
    i.sqrt                                   0x08003cd4   Section        0  sqrt.o(i.sqrt)
    .constdata                               0x08003d20   Section      136  pow.o(.constdata)
    bp                                       0x08003d20   Data          16  pow.o(.constdata)
    dp_h                                     0x08003d30   Data          16  pow.o(.constdata)
    dp_l                                     0x08003d40   Data          16  pow.o(.constdata)
    L                                        0x08003d50   Data          48  pow.o(.constdata)
    P                                        0x08003d80   Data          40  pow.o(.constdata)
    .constdata                               0x08003da8   Section        8  qnan.o(.constdata)
    .constdata                               0x08003db0   Section      129  ctype_o.o(.constdata)
    .constdata                               0x08003e34   Section        4  ctype_o.o(.constdata)
    table                                    0x08003e34   Data           4  ctype_o.o(.constdata)
    .conststring                             0x08003e38   Section      223  bsp_rtc.o(.conststring)
    .data                                    0x20000000   Section       20  system_stm32f10x.o(.data)
    .data                                    0x20000014   Section       20  stm32f10x_rcc.o(.data)
    APBAHBPrescTable                         0x20000014   Data          16  stm32f10x_rcc.o(.data)
    ADCPrescTable                            0x20000024   Data           4  stm32f10x_rcc.o(.data)
    .data                                    0x20000028   Section       48  main.o(.data)
    .data                                    0x20000058   Section      164  bsp_rtc.o(.data)
    FirstDisplay                             0x200000f8   Data           4  bsp_rtc.o(.data)
    .data                                    0x200000fc   Section        4  stdout.o(.data)
    .data                                    0x20000100   Section        4  errno.o(.data)
    _errno                                   0x20000100   Data           4  errno.o(.data)
    .bss                                     0x20000104   Section      412  main.o(.bss)
    STACK                                    0x200002a0   Section     1536  startup_stm32f10x_md.o(STACK)

    Global Symbols

    Symbol Name                              Value     Ov Type        Size  Object(Section)

    BuildAttributes$$THM_ISAv4$P$D$K$B$S$PE$A:L22UL41UL21$X:L11$S22US41US21$IEEE1$IW$USESV6$~STKCKD$USESV7$~SHL$OTIME$ROPI$IEEEX$EBA8$MICROLIB$REQ8$PRES8$EABIv2 0x00000000   Number         0  anon$$obj.o ABSOLUTE
    __ARM_use_no_argv                        0x00000000   Number         0  main.o ABSOLUTE
    _printf_a                                0x00000000   Number         0  stubs.o ABSOLUTE
    _printf_c                                0x00000000   Number         0  stubs.o ABSOLUTE
    _printf_charcount                        0x00000000   Number         0  stubs.o ABSOLUTE
    _printf_d                                0x00000000   Number         0  stubs.o ABSOLUTE
    _printf_e                                0x00000000   Number         0  stubs.o ABSOLUTE
    _printf_f                                0x00000000   Number         0  stubs.o ABSOLUTE
    _printf_flags                            0x00000000   Number         0  stubs.o ABSOLUTE
    _printf_fp_dec                           0x00000000   Number         0  stubs.o ABSOLUTE
    _printf_fp_hex                           0x00000000   Number         0  stubs.o ABSOLUTE
    _printf_g                                0x00000000   Number         0  stubs.o ABSOLUTE
    _printf_i                                0x00000000   Number         0  stubs.o ABSOLUTE
    _printf_int_dec                          0x00000000   Number         0  stubs.o ABSOLUTE
    _printf_l                                0x00000000   Number         0  stubs.o ABSOLUTE
    _printf_lc                               0x00000000   Number         0  stubs.o ABSOLUTE
    _printf_ll                               0x00000000   Number         0  stubs.o ABSOLUTE
    _printf_lld                              0x00000000   Number         0  stubs.o ABSOLUTE
    _printf_lli                              0x00000000   Number         0  stubs.o ABSOLUTE
    _printf_llo                              0x00000000   Number         0  stubs.o ABSOLUTE
    _printf_llu                              0x00000000   Number         0  stubs.o ABSOLUTE
    _printf_llx                              0x00000000   Number         0  stubs.o ABSOLUTE
    _printf_longlong_dec                     0x00000000   Number         0  stubs.o ABSOLUTE
    _printf_longlong_hex                     0x00000000   Number         0  stubs.o ABSOLUTE
    _printf_longlong_oct                     0x00000000   Number         0  stubs.o ABSOLUTE
    _printf_ls                               0x00000000   Number         0  stubs.o ABSOLUTE
    _printf_mbtowc                           0x00000000   Number         0  stubs.o ABSOLUTE
    _printf_n                                0x00000000   Number         0  stubs.o ABSOLUTE
    _printf_o                                0x00000000   Number         0  stubs.o ABSOLUTE
    _printf_p                                0x00000000   Number         0  stubs.o ABSOLUTE
    _printf_percent                          0x00000000   Number         0  stubs.o ABSOLUTE
    _printf_pre_padding                      0x00000000   Number         0  stubs.o ABSOLUTE
    _printf_return_value                     0x00000000   Number         0  stubs.o ABSOLUTE
    _printf_s                                0x00000000   Number         0  stubs.o ABSOLUTE
    _printf_sizespec                         0x00000000   Number         0  stubs.o ABSOLUTE
    _printf_str                              0x00000000   Number         0  stubs.o ABSOLUTE
    _printf_truncate_signed                  0x00000000   Number         0  stubs.o ABSOLUTE
    _printf_truncate_unsigned                0x00000000   Number         0  stubs.o ABSOLUTE
    _printf_u                                0x00000000   Number         0  stubs.o ABSOLUTE
    _printf_wc                               0x00000000   Number         0  stubs.o ABSOLUTE
    _printf_wctomb                           0x00000000   Number         0  stubs.o ABSOLUTE
    _printf_widthprec                        0x00000000   Number         0  stubs.o ABSOLUTE
    _printf_x                                0x00000000   Number         0  stubs.o ABSOLUTE
    __arm_fini_                               - Undefined Weak Reference
    __cpp_initialize__aeabi_                  - Undefined Weak Reference
    __cxa_finalize                            - Undefined Weak Reference
    __decompress                              - Undefined Weak Reference
    _clock_init                               - Undefined Weak Reference
    _microlib_exit                            - Undefined Weak Reference
    __Vectors_Size                           0x000000ec   Number         0  startup_stm32f10x_md.o ABSOLUTE
    __Vectors                                0x08000000   Data           4  startup_stm32f10x_md.o(RESET)
    __Vectors_End                            0x080000ec   Data           0  startup_stm32f10x_md.o(RESET)
    __main                                   0x080000ed   Thumb Code     0  entry.o(.ARM.Collect$$$$00000000)
    _main_stk                                0x080000ed   Thumb Code     0  entry2.o(.ARM.Collect$$$$00000001)
    _main_scatterload                        0x080000f1   Thumb Code     0  entry5.o(.ARM.Collect$$$$00000004)
    __main_after_scatterload                 0x080000f5   Thumb Code     0  entry5.o(.ARM.Collect$$$$00000004)
    _main_clock                              0x080000f5   Thumb Code     0  entry7b.o(.ARM.Collect$$$$00000008)
    _main_cpp_init                           0x080000f5   Thumb Code     0  entry8b.o(.ARM.Collect$$$$0000000A)
    _main_init                               0x080000f5   Thumb Code     0  entry9a.o(.ARM.Collect$$$$0000000B)
    __rt_lib_shutdown_fini                   0x080000fd   Thumb Code     0  entry12b.o(.ARM.Collect$$$$0000000E)
    __rt_final_cpp                           0x08000101   Thumb Code     0  entry10a.o(.ARM.Collect$$$$0000000F)
    __rt_final_exit                          0x08000101   Thumb Code     0  entry11a.o(.ARM.Collect$$$$00000011)
    Reset_Handler                            0x08000105   Thumb Code     8  startup_stm32f10x_md.o(.text)
    ADC1_2_IRQHandler                        0x0800011f   Thumb Code     0  startup_stm32f10x_md.o(.text)
    CAN1_RX1_IRQHandler                      0x0800011f   Thumb Code     0  startup_stm32f10x_md.o(.text)
    CAN1_SCE_IRQHandler                      0x0800011f   Thumb Code     0  startup_stm32f10x_md.o(.text)
    DMA1_Channel1_IRQHandler                 0x0800011f   Thumb Code     0  startup_stm32f10x_md.o(.text)
    DMA1_Channel2_IRQHandler                 0x0800011f   Thumb Code     0  startup_stm32f10x_md.o(.text)
    DMA1_Channel3_IRQHandler                 0x0800011f   Thumb Code     0  startup_stm32f10x_md.o(.text)
    DMA1_Channel4_IRQHandler                 0x0800011f   Thumb Code     0  startup_stm32f10x_md.o(.text)
    DMA1_Channel5_IRQHandler                 0x0800011f   Thumb Code     0  startup_stm32f10x_md.o(.text)
    DMA1_Channel6_IRQHandler                 0x0800011f   Thumb Code     0  startup_stm32f10x_md.o(.text)
    DMA1_Channel7_IRQHandler                 0x0800011f   Thumb Code     0  startup_stm32f10x_md.o(.text)
    EXTI0_IRQHandler                         0x0800011f   Thumb Code     0  startup_stm32f10x_md.o(.text)
    EXTI15_10_IRQHandler                     0x0800011f   Thumb Code     0  startup_stm32f10x_md.o(.text)
    EXTI1_IRQHandler                         0x0800011f   Thumb Code     0  startup_stm32f10x_md.o(.text)
    EXTI2_IRQHandler                         0x0800011f   Thumb Code     0  startup_stm32f10x_md.o(.text)
    EXTI3_IRQHandler                         0x0800011f   Thumb Code     0  startup_stm32f10x_md.o(.text)
    EXTI4_IRQHandler                         0x0800011f   Thumb Code     0  startup_stm32f10x_md.o(.text)
    EXTI9_5_IRQHandler                       0x0800011f   Thumb Code     0  startup_stm32f10x_md.o(.text)
    FLASH_IRQHandler                         0x0800011f   Thumb Code     0  startup_stm32f10x_md.o(.text)
    I2C1_ER_IRQHandler                       0x0800011f   Thumb Code     0  startup_stm32f10x_md.o(.text)
    I2C1_EV_IRQHandler                       0x0800011f   Thumb Code     0  startup_stm32f10x_md.o(.text)
    I2C2_ER_IRQHandler                       0x0800011f   Thumb Code     0  startup_stm32f10x_md.o(.text)
    I2C2_EV_IRQHandler                       0x0800011f   Thumb Code     0  startup_stm32f10x_md.o(.text)
    PVD_IRQHandler                           0x0800011f   Thumb Code     0  startup_stm32f10x_md.o(.text)
    RCC_IRQHandler                           0x0800011f   Thumb Code     0  startup_stm32f10x_md.o(.text)
    RTCAlarm_IRQHandler                      0x0800011f   Thumb Code     0  startup_stm32f10x_md.o(.text)
    SPI1_IRQHandler                          0x0800011f   Thumb Code     0  startup_stm32f10x_md.o(.text)
    SPI2_IRQHandler                          0x0800011f   Thumb Code     0  startup_stm32f10x_md.o(.text)
    TAMPER_IRQHandler                        0x0800011f   Thumb Code     0  startup_stm32f10x_md.o(.text)
    TIM1_BRK_IRQHandler                      0x0800011f   Thumb Code     0  startup_stm32f10x_md.o(.text)
    TIM1_CC_IRQHandler                       0x0800011f   Thumb Code     0  startup_stm32f10x_md.o(.text)
    TIM1_TRG_COM_IRQHandler                  0x0800011f   Thumb Code     0  startup_stm32f10x_md.o(.text)
    TIM1_UP_IRQHandler                       0x0800011f   Thumb Code     0  startup_stm32f10x_md.o(.text)
    TIM3_IRQHandler                          0x0800011f   Thumb Code     0  startup_stm32f10x_md.o(.text)
    TIM4_IRQHandler                          0x0800011f   Thumb Code     0  startup_stm32f10x_md.o(.text)
    USART2_IRQHandler                        0x0800011f   Thumb Code     0  startup_stm32f10x_md.o(.text)
    USART3_IRQHandler                        0x0800011f   Thumb Code     0  startup_stm32f10x_md.o(.text)
    USBWakeUp_IRQHandler                     0x0800011f   Thumb Code     0  startup_stm32f10x_md.o(.text)
    USB_HP_CAN1_TX_IRQHandler                0x0800011f   Thumb Code     0  startup_stm32f10x_md.o(.text)
    USB_LP_CAN1_RX0_IRQHandler               0x0800011f   Thumb Code     0  startup_stm32f10x_md.o(.text)
    WWDG_IRQHandler                          0x0800011f   Thumb Code     0  startup_stm32f10x_md.o(.text)
    SystemInit                               0x08000207   Thumb Code    78  system_stm32f10x.o(.text)
    SystemCoreClockUpdate                    0x08000255   Thumb Code   142  system_stm32f10x.o(.text)
    NVIC_PriorityGroupConfig                 0x08000309   Thumb Code    10  misc.o(.text)
    NVIC_Init                                0x08000313   Thumb Code   100  misc.o(.text)
    NVIC_SetVectorTable                      0x08000377   Thumb Code    14  misc.o(.text)
    NVIC_SystemLPConfig                      0x08000385   Thumb Code    34  misc.o(.text)
    SysTick_CLKSourceConfig                  0x080003a7   Thumb Code    40  misc.o(.text)
    GPIO_DeInit                              0x080003e5   Thumb Code   172  stm32f10x_gpio.o(.text)
    GPIO_AFIODeInit                          0x08000491   Thumb Code    20  stm32f10x_gpio.o(.text)
    GPIO_Init                                0x080004a5   Thumb Code   278  stm32f10x_gpio.o(.text)
    GPIO_StructInit                          0x080005bb   Thumb Code    16  stm32f10x_gpio.o(.text)
    GPIO_ReadInputDataBit                    0x080005cb   Thumb Code    18  stm32f10x_gpio.o(.text)
    GPIO_ReadInputData                       0x080005dd   Thumb Code     8  stm32f10x_gpio.o(.text)
    GPIO_ReadOutputDataBit                   0x080005e5   Thumb Code    18  stm32f10x_gpio.o(.text)
    GPIO_ReadOutputData                      0x080005f7   Thumb Code     8  stm32f10x_gpio.o(.text)
    GPIO_SetBits                             0x080005ff   Thumb Code     4  stm32f10x_gpio.o(.text)
    GPIO_ResetBits                           0x08000603   Thumb Code     4  stm32f10x_gpio.o(.text)
    GPIO_WriteBit                            0x08000607   Thumb Code    10  stm32f10x_gpio.o(.text)
    GPIO_Write                               0x08000611   Thumb Code     4  stm32f10x_gpio.o(.text)
    GPIO_PinLockConfig                       0x08000615   Thumb Code    18  stm32f10x_gpio.o(.text)
    GPIO_EventOutputConfig                   0x08000627   Thumb Code    26  stm32f10x_gpio.o(.text)
    GPIO_EventOutputCmd                      0x08000641   Thumb Code     6  stm32f10x_gpio.o(.text)
    GPIO_PinRemapConfig                      0x08000647   Thumb Code   138  stm32f10x_gpio.o(.text)
    GPIO_EXTILineConfig                      0x080006d1   Thumb Code    66  stm32f10x_gpio.o(.text)
    GPIO_ETH_MediaInterfaceConfig            0x08000713   Thumb Code     8  stm32f10x_gpio.o(.text)
    RCC_DeInit                               0x08000741   Thumb Code    64  stm32f10x_rcc.o(.text)
    RCC_HSEConfig                            0x08000781   Thumb Code    70  stm32f10x_rcc.o(.text)
    RCC_GetFlagStatus                        0x080007c7   Thumb Code    56  stm32f10x_rcc.o(.text)
    RCC_WaitForHSEStartUp                    0x080007ff   Thumb Code    56  stm32f10x_rcc.o(.text)
    RCC_AdjustHSICalibrationValue            0x08000837   Thumb Code    20  stm32f10x_rcc.o(.text)
    RCC_HSICmd                               0x0800084b   Thumb Code     6  stm32f10x_rcc.o(.text)
    RCC_PLLConfig                            0x08000851   Thumb Code    24  stm32f10x_rcc.o(.text)
    RCC_PLLCmd                               0x08000869   Thumb Code     6  stm32f10x_rcc.o(.text)
    RCC_SYSCLKConfig                         0x0800086f   Thumb Code    18  stm32f10x_rcc.o(.text)
    RCC_GetSYSCLKSource                      0x08000881   Thumb Code    10  stm32f10x_rcc.o(.text)
    RCC_HCLKConfig                           0x0800088b   Thumb Code    18  stm32f10x_rcc.o(.text)
    RCC_PCLK1Config                          0x0800089d   Thumb Code    18  stm32f10x_rcc.o(.text)
    RCC_PCLK2Config                          0x080008af   Thumb Code    20  stm32f10x_rcc.o(.text)
    RCC_ITConfig                             0x080008c3   Thumb Code    26  stm32f10x_rcc.o(.text)
    RCC_USBCLKConfig                         0x080008dd   Thumb Code     8  stm32f10x_rcc.o(.text)
    RCC_ADCCLKConfig                         0x080008e5   Thumb Code    18  stm32f10x_rcc.o(.text)
    RCC_LSEConfig                            0x080008f7   Thumb Code    50  stm32f10x_rcc.o(.text)
    RCC_LSICmd                               0x08000929   Thumb Code     6  stm32f10x_rcc.o(.text)
    RCC_RTCCLKConfig                         0x0800092f   Thumb Code    12  stm32f10x_rcc.o(.text)
    RCC_RTCCLKCmd                            0x0800093b   Thumb Code     8  stm32f10x_rcc.o(.text)
    RCC_GetClocksFreq                        0x08000943   Thumb Code   192  stm32f10x_rcc.o(.text)
    RCC_AHBPeriphClockCmd                    0x08000a03   Thumb Code    26  stm32f10x_rcc.o(.text)
    RCC_APB2PeriphClockCmd                   0x08000a1d   Thumb Code    26  stm32f10x_rcc.o(.text)
    RCC_APB1PeriphClockCmd                   0x08000a37   Thumb Code    26  stm32f10x_rcc.o(.text)
    RCC_APB2PeriphResetCmd                   0x08000a51   Thumb Code    26  stm32f10x_rcc.o(.text)
    RCC_APB1PeriphResetCmd                   0x08000a6b   Thumb Code    26  stm32f10x_rcc.o(.text)
    RCC_BackupResetCmd                       0x08000a85   Thumb Code     8  stm32f10x_rcc.o(.text)
    RCC_ClockSecuritySystemCmd               0x08000a8d   Thumb Code     6  stm32f10x_rcc.o(.text)
    RCC_MCOConfig                            0x08000a93   Thumb Code     6  stm32f10x_rcc.o(.text)
    RCC_ClearFlag                            0x08000a99   Thumb Code    14  stm32f10x_rcc.o(.text)
    RCC_GetITStatus                          0x08000aa7   Thumb Code    20  stm32f10x_rcc.o(.text)
    RCC_ClearITPendingBit                    0x08000abb   Thumb Code     6  stm32f10x_rcc.o(.text)
    RTC_ITConfig                             0x08000ae5   Thumb Code    26  stm32f10x_rtc.o(.text)
    RTC_EnterConfigMode                      0x08000aff   Thumb Code    18  stm32f10x_rtc.o(.text)
    RTC_ExitConfigMode                       0x08000b11   Thumb Code    20  stm32f10x_rtc.o(.text)
    RTC_GetCounter                           0x08000b25   Thumb Code    18  stm32f10x_rtc.o(.text)
    RTC_SetCounter                           0x08000b37   Thumb Code    26  stm32f10x_rtc.o(.text)
    RTC_SetPrescaler                         0x08000b51   Thumb Code    28  stm32f10x_rtc.o(.text)
    RTC_SetAlarm                             0x08000b6d   Thumb Code    26  stm32f10x_rtc.o(.text)
    RTC_GetDivider                           0x08000b87   Thumb Code    22  stm32f10x_rtc.o(.text)
    RTC_WaitForLastTask                      0x08000b9d   Thumb Code    18  stm32f10x_rtc.o(.text)
    RTC_WaitForSynchro                       0x08000baf   Thumb Code    36  stm32f10x_rtc.o(.text)
    RTC_GetFlagStatus                        0x08000bd3   Thumb Code    22  stm32f10x_rtc.o(.text)
    RTC_ClearFlag                            0x08000be9   Thumb Code    16  stm32f10x_rtc.o(.text)
    RTC_GetITStatus                          0x08000bf9   Thumb Code    32  stm32f10x_rtc.o(.text)
    RTC_ClearITPendingBit                    0x08000c19   Thumb Code    16  stm32f10x_rtc.o(.text)
    TIM_DeInit                               0x08000c2d   Thumb Code   424  stm32f10x_tim.o(.text)
    TIM_TimeBaseInit                         0x08000dd5   Thumb Code   122  stm32f10x_tim.o(.text)
    TIM_OC1Init                              0x08000e4f   Thumb Code   132  stm32f10x_tim.o(.text)
    TIM_OC2Init                              0x08000ed3   Thumb Code   154  stm32f10x_tim.o(.text)
    TIM_OC3Init                              0x08000f6d   Thumb Code   150  stm32f10x_tim.o(.text)
    TIM_OC4Init                              0x08001003   Thumb Code   182  stm32f10x_tim.o(.text)
    TIM_SetIC4Prescaler                      0x080010b9   Thumb Code    26  stm32f10x_tim.o(.text)
    TIM_SetIC3Prescaler                      0x08001155   Thumb Code    18  stm32f10x_tim.o(.text)
    TIM_SetIC2Prescaler                      0x080011e1   Thumb Code    26  stm32f10x_tim.o(.text)
    TIM_SetIC1Prescaler                      0x0800127d   Thumb Code    18  stm32f10x_tim.o(.text)
    TIM_ICInit                               0x080012fb   Thumb Code   150  stm32f10x_tim.o(.text)
    TIM_PWMIConfig                           0x08001391   Thumb Code   124  stm32f10x_tim.o(.text)
    TIM_BDTRConfig                           0x0800140d   Thumb Code    32  stm32f10x_tim.o(.text)
    TIM_TimeBaseStructInit                   0x0800142d   Thumb Code    18  stm32f10x_tim.o(.text)
    TIM_OCStructInit                         0x0800143f   Thumb Code    20  stm32f10x_tim.o(.text)
    TIM_ICStructInit                         0x08001453   Thumb Code    18  stm32f10x_tim.o(.text)
    TIM_BDTRStructInit                       0x08001465   Thumb Code    40  stm32f10x_tim.o(.text)
    TIM_Cmd                                  0x0800148d   Thumb Code    24  stm32f10x_tim.o(.text)
    TIM_CtrlPWMOutputs                       0x080014a5   Thumb Code    30  stm32f10x_tim.o(.text)
    TIM_ITConfig                             0x080014c3   Thumb Code    18  stm32f10x_tim.o(.text)
    TIM_GenerateEvent                        0x080014d5   Thumb Code     4  stm32f10x_tim.o(.text)
    TIM_DMAConfig                            0x080014d9   Thumb Code    10  stm32f10x_tim.o(.text)
    TIM_DMACmd                               0x080014e3   Thumb Code    18  stm32f10x_tim.o(.text)
    TIM_InternalClockConfig                  0x080014f5   Thumb Code    12  stm32f10x_tim.o(.text)
    TIM_SelectInputTrigger                   0x08001501   Thumb Code    18  stm32f10x_tim.o(.text)
    TIM_ITRxExternalClockConfig              0x08001513   Thumb Code    24  stm32f10x_tim.o(.text)
    TIM_TIxExternalClockConfig               0x0800152b   Thumb Code    62  stm32f10x_tim.o(.text)
    TIM_ETRConfig                            0x08001569   Thumb Code    28  stm32f10x_tim.o(.text)
    TIM_ETRClockMode1Config                  0x08001585   Thumb Code    54  stm32f10x_tim.o(.text)
    TIM_ETRClockMode2Config                  0x080015bb   Thumb Code    32  stm32f10x_tim.o(.text)
    TIM_PrescalerConfig                      0x080015db   Thumb Code     6  stm32f10x_tim.o(.text)
    TIM_CounterModeConfig                    0x080015e1   Thumb Code    18  stm32f10x_tim.o(.text)
    TIM_EncoderInterfaceConfig               0x080015f3   Thumb Code    66  stm32f10x_tim.o(.text)
    TIM_ForcedOC1Config                      0x08001635   Thumb Code    18  stm32f10x_tim.o(.text)
    TIM_ForcedOC2Config                      0x08001647   Thumb Code    26  stm32f10x_tim.o(.text)
    TIM_ForcedOC3Config                      0x08001661   Thumb Code    18  stm32f10x_tim.o(.text)
    TIM_ForcedOC4Config                      0x08001673   Thumb Code    26  stm32f10x_tim.o(.text)
    TIM_ARRPreloadConfig                     0x0800168d   Thumb Code    24  stm32f10x_tim.o(.text)
    TIM_SelectCOM                            0x080016a5   Thumb Code    24  stm32f10x_tim.o(.text)
    TIM_SelectCCDMA                          0x080016bd   Thumb Code    24  stm32f10x_tim.o(.text)
    TIM_CCPreloadControl                     0x080016d5   Thumb Code    24  stm32f10x_tim.o(.text)
    TIM_OC1PreloadConfig                     0x080016ed   Thumb Code    18  stm32f10x_tim.o(.text)
    TIM_OC2PreloadConfig                     0x080016ff   Thumb Code    26  stm32f10x_tim.o(.text)
    TIM_OC3PreloadConfig                     0x08001719   Thumb Code    18  stm32f10x_tim.o(.text)
    TIM_OC4PreloadConfig                     0x0800172b   Thumb Code    26  stm32f10x_tim.o(.text)
    TIM_OC1FastConfig                        0x08001745   Thumb Code    18  stm32f10x_tim.o(.text)
    TIM_OC2FastConfig                        0x08001757   Thumb Code    26  stm32f10x_tim.o(.text)
    TIM_OC3FastConfig                        0x08001771   Thumb Code    18  stm32f10x_tim.o(.text)
    TIM_OC4FastConfig                        0x08001783   Thumb Code    26  stm32f10x_tim.o(.text)
    TIM_ClearOC1Ref                          0x0800179d   Thumb Code    18  stm32f10x_tim.o(.text)
    TIM_ClearOC2Ref                          0x080017af   Thumb Code    24  stm32f10x_tim.o(.text)
    TIM_ClearOC3Ref                          0x080017c7   Thumb Code    18  stm32f10x_tim.o(.text)
    TIM_ClearOC4Ref                          0x080017d9   Thumb Code    24  stm32f10x_tim.o(.text)
    TIM_OC1PolarityConfig                    0x080017f1   Thumb Code    18  stm32f10x_tim.o(.text)
    TIM_OC1NPolarityConfig                   0x08001803   Thumb Code    18  stm32f10x_tim.o(.text)
    TIM_OC2PolarityConfig                    0x08001815   Thumb Code    26  stm32f10x_tim.o(.text)
    TIM_OC2NPolarityConfig                   0x0800182f   Thumb Code    26  stm32f10x_tim.o(.text)
    TIM_OC3PolarityConfig                    0x08001849   Thumb Code    26  stm32f10x_tim.o(.text)
    TIM_OC3NPolarityConfig                   0x08001863   Thumb Code    26  stm32f10x_tim.o(.text)
    TIM_OC4PolarityConfig                    0x0800187d   Thumb Code    26  stm32f10x_tim.o(.text)
    TIM_CCxCmd                               0x08001897   Thumb Code    30  stm32f10x_tim.o(.text)
    TIM_CCxNCmd                              0x080018b5   Thumb Code    30  stm32f10x_tim.o(.text)
    TIM_SelectOCxM                           0x080018d3   Thumb Code    82  stm32f10x_tim.o(.text)
    TIM_UpdateDisableConfig                  0x08001925   Thumb Code    24  stm32f10x_tim.o(.text)
    TIM_UpdateRequestConfig                  0x0800193d   Thumb Code    24  stm32f10x_tim.o(.text)
    TIM_SelectHallSensor                     0x08001955   Thumb Code    24  stm32f10x_tim.o(.text)
    TIM_SelectOnePulseMode                   0x0800196d   Thumb Code    18  stm32f10x_tim.o(.text)
    TIM_SelectOutputTrigger                  0x0800197f   Thumb Code    18  stm32f10x_tim.o(.text)
    TIM_SelectSlaveMode                      0x08001991   Thumb Code    18  stm32f10x_tim.o(.text)
    TIM_SelectMasterSlaveMode                0x080019a3   Thumb Code    18  stm32f10x_tim.o(.text)
    TIM_SetCounter                           0x080019b5   Thumb Code     4  stm32f10x_tim.o(.text)
    TIM_SetAutoreload                        0x080019b9   Thumb Code     4  stm32f10x_tim.o(.text)
    TIM_SetCompare1                          0x080019bd   Thumb Code     4  stm32f10x_tim.o(.text)
    TIM_SetCompare2                          0x080019c1   Thumb Code     4  stm32f10x_tim.o(.text)
    TIM_SetCompare3                          0x080019c5   Thumb Code     4  stm32f10x_tim.o(.text)
    TIM_SetCompare4                          0x080019c9   Thumb Code     6  stm32f10x_tim.o(.text)
    TIM_SetClockDivision                     0x080019cf   Thumb Code    18  stm32f10x_tim.o(.text)
    TIM_GetCapture1                          0x080019e1   Thumb Code     6  stm32f10x_tim.o(.text)
    TIM_GetCapture2                          0x080019e7   Thumb Code     6  stm32f10x_tim.o(.text)
    TIM_GetCapture3                          0x080019ed   Thumb Code     6  stm32f10x_tim.o(.text)
    TIM_GetCapture4                          0x080019f3   Thumb Code     8  stm32f10x_tim.o(.text)
    TIM_GetCounter                           0x080019fb   Thumb Code     6  stm32f10x_tim.o(.text)
    TIM_GetPrescaler                         0x08001a01   Thumb Code     6  stm32f10x_tim.o(.text)
    TIM_GetFlagStatus                        0x08001a07   Thumb Code    18  stm32f10x_tim.o(.text)
    TIM_ClearFlag                            0x08001a19   Thumb Code     6  stm32f10x_tim.o(.text)
    TIM_GetITStatus                          0x08001a1f   Thumb Code    34  stm32f10x_tim.o(.text)
    TIM_ClearITPendingBit                    0x08001a41   Thumb Code     6  stm32f10x_tim.o(.text)
    USART_DeInit                             0x08001a49   Thumb Code   134  stm32f10x_usart.o(.text)
    USART_Init                               0x08001acf   Thumb Code   210  stm32f10x_usart.o(.text)
    USART_StructInit                         0x08001ba1   Thumb Code    24  stm32f10x_usart.o(.text)
    USART_ClockInit                          0x08001bb9   Thumb Code    34  stm32f10x_usart.o(.text)
    USART_ClockStructInit                    0x08001bdb   Thumb Code    12  stm32f10x_usart.o(.text)
    USART_Cmd                                0x08001be7   Thumb Code    24  stm32f10x_usart.o(.text)
    USART_ITConfig                           0x08001bff   Thumb Code    74  stm32f10x_usart.o(.text)
    USART_DMACmd                             0x08001c49   Thumb Code    18  stm32f10x_usart.o(.text)
    USART_SetAddress                         0x08001c5b   Thumb Code    18  stm32f10x_usart.o(.text)
    USART_WakeUpConfig                       0x08001c6d   Thumb Code    18  stm32f10x_usart.o(.text)
    USART_ReceiverWakeUpCmd                  0x08001c7f   Thumb Code    24  stm32f10x_usart.o(.text)
    USART_LINBreakDetectLengthConfig         0x08001c97   Thumb Code    18  stm32f10x_usart.o(.text)
    USART_LINCmd                             0x08001ca9   Thumb Code    24  stm32f10x_usart.o(.text)
    USART_SendData                           0x08001cc1   Thumb Code     8  stm32f10x_usart.o(.text)
    USART_ReceiveData                        0x08001cc9   Thumb Code    10  stm32f10x_usart.o(.text)
    USART_SendBreak                          0x08001cd3   Thumb Code    10  stm32f10x_usart.o(.text)
    USART_SetGuardTime                       0x08001cdd   Thumb Code    16  stm32f10x_usart.o(.text)
    USART_SetPrescaler                       0x08001ced   Thumb Code    16  stm32f10x_usart.o(.text)
    USART_SmartCardCmd                       0x08001cfd   Thumb Code    24  stm32f10x_usart.o(.text)
    USART_SmartCardNACKCmd                   0x08001d15   Thumb Code    24  stm32f10x_usart.o(.text)
    USART_HalfDuplexCmd                      0x08001d2d   Thumb Code    24  stm32f10x_usart.o(.text)
    USART_OverSampling8Cmd                   0x08001d45   Thumb Code    22  stm32f10x_usart.o(.text)
    USART_OneBitMethodCmd                    0x08001d5b   Thumb Code    24  stm32f10x_usart.o(.text)
    USART_IrDAConfig                         0x08001d73   Thumb Code    18  stm32f10x_usart.o(.text)
    USART_IrDACmd                            0x08001d85   Thumb Code    24  stm32f10x_usart.o(.text)
    USART_GetFlagStatus                      0x08001d9d   Thumb Code    26  stm32f10x_usart.o(.text)
    USART_ClearFlag                          0x08001db7   Thumb Code    18  stm32f10x_usart.o(.text)
    USART_GetITStatus                        0x08001dc9   Thumb Code    84  stm32f10x_usart.o(.text)
    USART_ClearITPendingBit                  0x08001e1d   Thumb Code    52  stm32f10x_usart.o(.text)
    GetDiviceId                              0x08001e51   Thumb Code    22  main.o(.text)
    main                                     0x08001e67   Thumb Code   160  main.o(.text)
    NMI_Handler                              0x08001f25   Thumb Code     2  stm32f10x_it.o(.text)
    HardFault_Handler                        0x08001f27   Thumb Code     4  stm32f10x_it.o(.text)
    MemManage_Handler                        0x08001f2b   Thumb Code     4  stm32f10x_it.o(.text)
    BusFault_Handler                         0x08001f2f   Thumb Code     4  stm32f10x_it.o(.text)
    UsageFault_Handler                       0x08001f33   Thumb Code     4  stm32f10x_it.o(.text)
    SVC_Handler                              0x08001f37   Thumb Code     2  stm32f10x_it.o(.text)
    DebugMon_Handler                         0x08001f39   Thumb Code     2  stm32f10x_it.o(.text)
    PendSV_Handler                           0x08001f3b   Thumb Code     2  stm32f10x_it.o(.text)
    SysTick_Handler                          0x08001f3d   Thumb Code     2  stm32f10x_it.o(.text)
    TIM2_IRQHandler                          0x08001f3f   Thumb Code    42  stm32f10x_it.o(.text)
    USART1_IRQHandler                        0x08001f69   Thumb Code    90  stm32f10x_it.o(.text)
    RTC_IRQHandler                           0x08001fc3   Thumb Code    52  stm32f10x_it.o(.text)
    USART_Config                             0x0800203f   Thumb Code   148  bsp_usart.o(.text)
    fputc                                    0x080020d3   Thumb Code    32  bsp_usart.o(.text)
    fgetc                                    0x080020f3   Thumb Code    26  bsp_usart.o(.text)
    SPRTODATA                                0x0800210d   Thumb Code   188  bsp_usart.o(.text)
    numscanf                                 0x080021c9   Thumb Code    58  bsp_usart.o(.text)
    ESP8266_Init                             0x0800222d   Thumb Code     2  esp8266.o(.text)
    ESP8266_SendJson                         0x0800222f   Thumb Code    16  esp8266.o(.text)
    ESP8266_SendBeat                         0x0800223f   Thumb Code    66  esp8266.o(.text)
    FindStringValue                          0x08002281   Thumb Code    36  esp8266.o(.text)
    ESP8266_ReceiveData                      0x080022a5   Thumb Code    76  esp8266.o(.text)
    FindValue                                0x080022f1   Thumb Code    36  esp8266.o(.text)
    LED_GPIO_Config                          0x08002371   Thumb Code    72  bsp_beep.o(.text)
    Key_GPIO_Config                          0x080023bd   Thumb Code    54  bsp_key.o(.text)
    Key_Scan                                 0x080023f3   Thumb Code    56  bsp_key.o(.text)
    GENERAL_TIM_Init                         0x080024af   Thumb Code    12  bsp_generaltim.o(.text)
    __aeabi_memset                           0x080024bb   Thumb Code    14  memseta.o(.text)
    __aeabi_memset4                          0x080024bb   Thumb Code     0  memseta.o(.text)
    __aeabi_memset8                          0x080024bb   Thumb Code     0  memseta.o(.text)
    __aeabi_memclr                           0x080024c9   Thumb Code     4  memseta.o(.text)
    __aeabi_memclr4                          0x080024c9   Thumb Code     0  memseta.o(.text)
    __aeabi_memclr8                          0x080024c9   Thumb Code     0  memseta.o(.text)
    _memset$wrapper                          0x080024cd   Thumb Code    18  memseta.o(.text)
    strcat                                   0x080024df   Thumb Code    24  strcat.o(.text)
    strstr                                   0x080024f7   Thumb Code    36  strstr.o(.text)
    strlen                                   0x0800251b   Thumb Code    14  strlen.o(.text)
    strtoul                                  0x08002529   Thumb Code   114  strtoul.o(.text)
    __aeabi_dadd                             0x0800259b   Thumb Code   322  dadd.o(.text)
    __aeabi_dsub                             0x080026dd   Thumb Code     6  dadd.o(.text)
    __aeabi_drsub                            0x080026e3   Thumb Code     6  dadd.o(.text)
    __aeabi_dmul                             0x080026e9   Thumb Code   228  dmul.o(.text)
    __aeabi_ddiv                             0x080027cd   Thumb Code   222  ddiv.o(.text)
    __aeabi_i2d                              0x080028ab   Thumb Code    34  dflti.o(.text)
    __aeabi_f2iz                             0x080028cd   Thumb Code    50  ffixi.o(.text)
    __aeabi_d2f                              0x080028ff   Thumb Code    56  d2f.o(.text)
    __aeabi_uldivmod                         0x08002937   Thumb Code    98  uldiv.o(.text)
    __aeabi_llsl                             0x08002999   Thumb Code    30  llshl.o(.text)
    _ll_shift_l                              0x08002999   Thumb Code     0  llshl.o(.text)
    __aeabi_lasr                             0x080029b7   Thumb Code    36  llsshr.o(.text)
    _ll_sshift_r                             0x080029b7   Thumb Code     0  llsshr.o(.text)
    __rt_ctype_table                         0x080029dd   Thumb Code     4  ctype_o.o(.text)
    _strtoul                                 0x080029e5   Thumb Code   158  _strtoul.o(.text)
    __I$use$fp                               0x08002a83   Thumb Code     0  iusefp.o(.text)
    _float_round                             0x08002a83   Thumb Code    18  fepilogue.o(.text)
    _float_epilogue                          0x08002a95   Thumb Code    92  fepilogue.o(.text)
    _double_round                            0x08002af1   Thumb Code    30  depilogue.o(.text)
    _double_epilogue                         0x08002b0f   Thumb Code   156  depilogue.o(.text)
    __ARM_scalbn                             0x08002bab   Thumb Code    46  dscalb.o(.text)
    scalbn                                   0x08002bab   Thumb Code     0  dscalb.o(.text)
    __aeabi_cdrcmple                         0x08002bd9   Thumb Code    48  cdrcmple.o(.text)
    __scatterload                            0x08002c09   Thumb Code    28  init.o(.text)
    __scatterload_rt2                        0x08002c09   Thumb Code     0  init.o(.text)
    __aeabi_llsr                             0x08002c2d   Thumb Code    32  llushr.o(.text)
    _ll_ushift_r                             0x08002c2d   Thumb Code     0  llushr.o(.text)
    _chval                                   0x08002c4d   Thumb Code    28  _chval.o(.text)
    _dsqrt                                   0x08002c69   Thumb Code   162  dsqrt.o(.text)
    __0printf$8                              0x08002d0d   Thumb Code    22  printf8.o(i.__0printf$8)
    __1printf$8                              0x08002d0d   Thumb Code     0  printf8.o(i.__0printf$8)
    __2printf                                0x08002d0d   Thumb Code     0  printf8.o(i.__0printf$8)
    __0sprintf$8                             0x08002d2d   Thumb Code    34  printf8.o(i.__0sprintf$8)
    __1sprintf$8                             0x08002d2d   Thumb Code     0  printf8.o(i.__0sprintf$8)
    __2sprintf                               0x08002d2d   Thumb Code     0  printf8.o(i.__0sprintf$8)
    __ARM_fpclassify                         0x08002d55   Thumb Code    40  fpclassify.o(i.__ARM_fpclassify)
    __aeabi_errno_addr                       0x08002d7d   Thumb Code     4  errno.o(i.__aeabi_errno_addr)
    __rt_errno_addr                          0x08002d7d   Thumb Code     0  errno.o(i.__aeabi_errno_addr)
    __kernel_poly                            0x08002d85   Thumb Code   170  poly.o(i.__kernel_poly)
    __mathlib_dbl_divzero                    0x08002e31   Thumb Code    12  dunder.o(i.__mathlib_dbl_divzero)
    __mathlib_dbl_infnan2                    0x08002e41   Thumb Code     4  dunder.o(i.__mathlib_dbl_infnan2)
    __mathlib_dbl_invalid                    0x08002e45   Thumb Code    12  dunder.o(i.__mathlib_dbl_invalid)
    __mathlib_dbl_overflow                   0x08002e51   Thumb Code    14  dunder.o(i.__mathlib_dbl_overflow)
    __mathlib_dbl_underflow                  0x08002e61   Thumb Code    10  dunder.o(i.__mathlib_dbl_underflow)
    __scatterload_copy                       0x08002e71   Thumb Code    14  handlers.o(i.__scatterload_copy)
    __scatterload_null                       0x08002e7f   Thumb Code     2  handlers.o(i.__scatterload_null)
    __scatterload_zeroinit                   0x08002e81   Thumb Code    14  handlers.o(i.__scatterload_zeroinit)
    __set_errno                              0x08002e91   Thumb Code     6  errno.o(i.__set_errno)
    pow                                      0x080032fd   Thumb Code  2512  pow.o(i.pow)
    sqrt                                     0x08003cd5   Thumb Code    76  sqrt.o(i.sqrt)
    __mathlib_zero                           0x08003da8   Data           8  qnan.o(.constdata)
    __ctype_table                            0x08003db0   Data         129  ctype_o.o(.constdata)
    Region$$Table$$Base                      0x08003f18   Number         0  anon$$obj.o(Region$$Table)
    Region$$Table$$Limit                     0x08003f38   Number         0  anon$$obj.o(Region$$Table)
    SystemCoreClock                          0x20000000   Data           4  system_stm32f10x.o(.data)
    AHBPrescTable                            0x20000004   Data          16  system_stm32f10x.o(.data)
    issleep                                  0x20000028   Data           1  main.o(.data)
    RxCounter                                0x2000002a   Data           2  main.o(.data)
    ReceiveState                             0x2000002c   Data           1  main.o(.data)
    time                                     0x20000030   Data           4  main.o(.data)
    Beat                                     0x20000034   Data           4  main.o(.data)
    SendData                                 0x20000038   Data           1  main.o(.data)
    systmtime                                0x2000003c   Data          28  main.o(.data)
    TimeDisplay                              0x20000058   Data           4  bsp_rtc.o(.data)
    TimeAlarm                                0x2000005c   Data           4  bsp_rtc.o(.data)
    WEEK_STR                                 0x20000060   Data          28  bsp_rtc.o(.data)
    zodiac_sign                              0x2000007c   Data          48  bsp_rtc.o(.data)
    en_WEEK_STR                              0x200000ac   Data          28  bsp_rtc.o(.data)
    en_zodiac_sign                           0x200000c8   Data          48  bsp_rtc.o(.data)
    __stdout                                 0x200000fc   Data           4  stdout.o(.data)
    aRxBuffer                                0x20000104   Data         400  main.o(.bss)
    DeviceID                                 0x20000294   Data          12  main.o(.bss)
    __initial_sp                             0x200008a0   Data           0  startup_stm32f10x_md.o(STACK)



==============================================================================

Memory Map of the image

  Image Entry point : 0x080000ed

  Load Region LR_IROM1 (Base: 0x08000000, Size: 0x0000403c, Max: 0x00010000, ABSOLUTE)

    Execution Region ER_IROM1 (Exec base: 0x08000000, Load base: 0x08000000, Size: 0x00003f38, Max: 0x00010000, ABSOLUTE)

    Exec Addr    Load Addr    Size         Type   Attr      Idx    E Section Name        Object

    0x08000000   0x08000000   0x000000ec   Data   RO            3    RESET               startup_stm32f10x_md.o
    0x080000ec   0x080000ec   0x00000000   Code   RO          605  * .ARM.Collect$$$$00000000  mc_w.l(entry.o)
    0x080000ec   0x080000ec   0x00000004   Code   RO          924    .ARM.Collect$$$$00000001  mc_w.l(entry2.o)
    0x080000f0   0x080000f0   0x00000004   Code   RO          927    .ARM.Collect$$$$00000004  mc_w.l(entry5.o)
    0x080000f4   0x080000f4   0x00000000   Code   RO          929    .ARM.Collect$$$$00000008  mc_w.l(entry7b.o)
    0x080000f4   0x080000f4   0x00000000   Code   RO          931    .ARM.Collect$$$$0000000A  mc_w.l(entry8b.o)
    0x080000f4   0x080000f4   0x00000008   Code   RO          932    .ARM.Collect$$$$0000000B  mc_w.l(entry9a.o)
    0x080000fc   0x080000fc   0x00000004   Code   RO          939    .ARM.Collect$$$$0000000E  mc_w.l(entry12b.o)
    0x08000100   0x08000100   0x00000000   Code   RO          934    .ARM.Collect$$$$0000000F  mc_w.l(entry10a.o)
    0x08000100   0x08000100   0x00000000   Code   RO          936    .ARM.Collect$$$$00000011  mc_w.l(entry11a.o)
    0x08000100   0x08000100   0x00000004   Code   RO          925    .ARM.Collect$$$$00002712  mc_w.l(entry2.o)
    0x08000104   0x08000104   0x00000024   Code   RO            4    .text               startup_stm32f10x_md.o
    0x08000128   0x08000128   0x000001e0   Code   RO           24    .text               system_stm32f10x.o
    0x08000308   0x08000308   0x000000dc   Code   RO          121    .text               misc.o
    0x080003e4   0x080003e4   0x0000035c   Code   RO          269    .text               stm32f10x_gpio.o
    0x08000740   0x08000740   0x000003a4   Code   RO          317    .text               stm32f10x_rcc.o
    0x08000ae4   0x08000ae4   0x00000148   Code   RO          331    .text               stm32f10x_rtc.o
    0x08000c2c   0x08000c2c   0x00000e1a   Code   RO          367    .text               stm32f10x_tim.o
    0x08001a46   0x08001a46   0x00000002   PAD
    0x08001a48   0x08001a48   0x00000408   Code   RO          379    .text               stm32f10x_usart.o
    0x08001e50   0x08001e50   0x000000d4   Code   RO          403    .text               main.o
    0x08001f24   0x08001f24   0x000000f4   Code   RO          451    .text               stm32f10x_it.o
    0x08002018   0x08002018   0x00000214   Code   RO          519    .text               bsp_usart.o
    0x0800222c   0x0800222c   0x00000144   Code   RO          536    .text               esp8266.o
    0x08002370   0x08002370   0x0000004c   Code   RO          558    .text               bsp_beep.o
    0x080023bc   0x080023bc   0x0000007c   Code   RO          570    .text               bsp_key.o
    0x08002438   0x08002438   0x00000082   Code   RO          583    .text               bsp_generaltim.o
    0x080024ba   0x080024ba   0x00000024   Code   RO          610    .text               mc_w.l(memseta.o)
    0x080024de   0x080024de   0x00000018   Code   RO          612    .text               mc_w.l(strcat.o)
    0x080024f6   0x080024f6   0x00000024   Code   RO          614    .text               mc_w.l(strstr.o)
    0x0800251a   0x0800251a   0x0000000e   Code   RO          616    .text               mc_w.l(strlen.o)
    0x08002528   0x08002528   0x00000072   Code   RO          881    .text               mc_w.l(strtoul.o)
    0x0800259a   0x0800259a   0x0000014e   Code   RO          885    .text               mf_w.l(dadd.o)
    0x080026e8   0x080026e8   0x000000e4   Code   RO          887    .text               mf_w.l(dmul.o)
    0x080027cc   0x080027cc   0x000000de   Code   RO          889    .text               mf_w.l(ddiv.o)
    0x080028aa   0x080028aa   0x00000022   Code   RO          891    .text               mf_w.l(dflti.o)
    0x080028cc   0x080028cc   0x00000032   Code   RO          893    .text               mf_w.l(ffixi.o)
    0x080028fe   0x080028fe   0x00000038   Code   RO          895    .text               mf_w.l(d2f.o)
    0x08002936   0x08002936   0x00000062   Code   RO          943    .text               mc_w.l(uldiv.o)
    0x08002998   0x08002998   0x0000001e   Code   RO          945    .text               mc_w.l(llshl.o)
    0x080029b6   0x080029b6   0x00000024   Code   RO          947    .text               mc_w.l(llsshr.o)
    0x080029da   0x080029da   0x00000002   PAD
    0x080029dc   0x080029dc   0x00000008   Code   RO          949    .text               mc_w.l(ctype_o.o)
    0x080029e4   0x080029e4   0x0000009e   Code   RO          984    .text               mc_w.l(_strtoul.o)
    0x08002a82   0x08002a82   0x00000000   Code   RO          988    .text               mc_w.l(iusefp.o)
    0x08002a82   0x08002a82   0x0000006e   Code   RO          989    .text               mf_w.l(fepilogue.o)
    0x08002af0   0x08002af0   0x000000ba   Code   RO          991    .text               mf_w.l(depilogue.o)
    0x08002baa   0x08002baa   0x0000002e   Code   RO          993    .text               mf_w.l(dscalb.o)
    0x08002bd8   0x08002bd8   0x00000030   Code   RO          997    .text               mf_w.l(cdrcmple.o)
    0x08002c08   0x08002c08   0x00000024   Code   RO          999    .text               mc_w.l(init.o)
    0x08002c2c   0x08002c2c   0x00000020   Code   RO         1001    .text               mc_w.l(llushr.o)
    0x08002c4c   0x08002c4c   0x0000001c   Code   RO         1003    .text               mc_w.l(_chval.o)
    0x08002c68   0x08002c68   0x000000a2   Code   RO         1005    .text               mf_w.l(dsqrt.o)
    0x08002d0a   0x08002d0a   0x00000002   PAD
    0x08002d0c   0x08002d0c   0x00000020   Code   RO          827    i.__0printf$8       mc_w.l(printf8.o)
    0x08002d2c   0x08002d2c   0x00000028   Code   RO          829    i.__0sprintf$8      mc_w.l(printf8.o)
    0x08002d54   0x08002d54   0x00000028   Code   RO          911    i.__ARM_fpclassify  m_ws.l(fpclassify.o)
    0x08002d7c   0x08002d7c   0x00000008   Code   RO          977    i.__aeabi_errno_addr  mc_w.l(errno.o)
    0x08002d84   0x08002d84   0x000000aa   Code   RO          913    i.__kernel_poly     m_ws.l(poly.o)
    0x08002e2e   0x08002e2e   0x00000002   PAD
    0x08002e30   0x08002e30   0x00000010   Code   RO          897    i.__mathlib_dbl_divzero  m_ws.l(dunder.o)
    0x08002e40   0x08002e40   0x00000004   Code   RO          899    i.__mathlib_dbl_infnan2  m_ws.l(dunder.o)
    0x08002e44   0x08002e44   0x0000000c   Code   RO          900    i.__mathlib_dbl_invalid  m_ws.l(dunder.o)
    0x08002e50   0x08002e50   0x0000000e   Code   RO          901    i.__mathlib_dbl_overflow  m_ws.l(dunder.o)
    0x08002e5e   0x08002e5e   0x00000002   PAD
    0x08002e60   0x08002e60   0x00000010   Code   RO          903    i.__mathlib_dbl_underflow  m_ws.l(dunder.o)
    0x08002e70   0x08002e70   0x0000000e   Code   RO         1011    i.__scatterload_copy  mc_w.l(handlers.o)
    0x08002e7e   0x08002e7e   0x00000002   Code   RO         1012    i.__scatterload_null  mc_w.l(handlers.o)
    0x08002e80   0x08002e80   0x0000000e   Code   RO         1013    i.__scatterload_zeroinit  mc_w.l(handlers.o)
    0x08002e8e   0x08002e8e   0x00000002   PAD
    0x08002e90   0x08002e90   0x0000000c   Code   RO          979    i.__set_errno       mc_w.l(errno.o)
    0x08002e9c   0x08002e9c   0x00000404   Code   RO          834    i._printf_core      mc_w.l(printf8.o)
    0x080032a0   0x080032a0   0x00000024   Code   RO          835    i._printf_post_padding  mc_w.l(printf8.o)
    0x080032c4   0x080032c4   0x0000002e   Code   RO          836    i._printf_pre_padding  mc_w.l(printf8.o)
    0x080032f2   0x080032f2   0x0000000a   Code   RO          838    i._sputc            mc_w.l(printf8.o)
    0x080032fc   0x080032fc   0x000009d8   Code   RO          596    i.pow               m_ws.l(pow.o)
    0x08003cd4   0x08003cd4   0x0000004c   Code   RO          917    i.sqrt              m_ws.l(sqrt.o)
    0x08003d20   0x08003d20   0x00000088   Data   RO          597    .constdata          m_ws.l(pow.o)
    0x08003da8   0x08003da8   0x00000008   Data   RO          915    .constdata          m_ws.l(qnan.o)
    0x08003db0   0x08003db0   0x00000081   Data   RO          950    .constdata          mc_w.l(ctype_o.o)
    0x08003e31   0x08003e31   0x00000003   PAD
    0x08003e34   0x08003e34   0x00000004   Data   RO          951    .constdata          mc_w.l(ctype_o.o)
    0x08003e38   0x08003e38   0x000000df   Data   RO          500    .conststring        bsp_rtc.o
    0x08003f17   0x08003f17   0x00000001   PAD
    0x08003f18   0x08003f18   0x00000020   Data   RO         1009    Region$$Table       anon$$obj.o


    Execution Region RW_IRAM1 (Exec base: 0x20000000, Load base: 0x08003f38, Size: 0x000008a0, Max: 0x00005000, ABSOLUTE)

    Exec Addr    Load Addr    Size         Type   Attr      Idx    E Section Name        Object

    0x20000000   0x08003f38   0x00000014   Data   RW           25    .data               system_stm32f10x.o
    0x20000014   0x08003f4c   0x00000014   Data   RW          318    .data               stm32f10x_rcc.o
    0x20000028   0x08003f60   0x00000030   Data   RW          405    .data               main.o
    0x20000058   0x08003f90   0x000000a4   Data   RW          501    .data               bsp_rtc.o
    0x200000fc   0x08004034   0x00000004   Data   RW          940    .data               mc_w.l(stdout.o)
    0x20000100   0x08004038   0x00000004   Data   RW          980    .data               mc_w.l(errno.o)
    0x20000104        -       0x0000019c   Zero   RW          404    .bss                main.o
    0x200002a0        -       0x00000600   Zero   RW            1    STACK               startup_stm32f10x_md.o


==============================================================================

Image component sizes


      Code (inc. data)   RO Data    RW Data    ZI Data      Debug   Object Name

        76          4          0          0          0        546   bsp_beep.o
       130          0          0          0          0        835   bsp_generaltim.o
       124         14          0          0          0       1174   bsp_key.o
         0          0        223        164          0       3343   bsp_rtc.o
       532         42          0          0          0       1754   bsp_usart.o
         0          0          0          0          0       4508   core_cm3.o
       324         92          0          0          0       2419   esp8266.o
       212         30          0         48        412       3659   main.o
       220         22          0          0          0       1861   misc.o
        36          8        236          0       1536        884   startup_stm32f10x_md.o
       860         38          0          0          0       5789   stm32f10x_gpio.o
       244         34          0          0          0       1779   stm32f10x_it.o
       932         36          0         20          0       8992   stm32f10x_rcc.o
       328          4          0          0          0       2754   stm32f10x_rtc.o
      3610         88          0          0          0      22900   stm32f10x_tim.o
      1032         22          0          0          0       8520   stm32f10x_usart.o
       480         38          0         20          0     249083   system_stm32f10x.o

    ----------------------------------------------------------------------
      9142        472        492        252       1948     320800   Object Totals
         0          0         32          0          0          0   (incl. Generated)
         2          0          1          0          0          0   (incl. Padding)

    ----------------------------------------------------------------------

      Code (inc. data)   RO Data    RW Data    ZI Data      Debug   Library Member Name

        62         10          0          0          0        340   dunder.o
        40          0          0          0          0         68   fpclassify.o
       170          0          0          0          0         96   poly.o
      2520        190        136          0          0        324   pow.o
         0          0          8          0          0          0   qnan.o
        76          0          0          0          0         84   sqrt.o
        28          0          0          0          0         68   _chval.o
       158          0          0          0          0         92   _strtoul.o
         8          4        133          0          0         68   ctype_o.o
         0          0          0          0          0          0   entry.o
         0          0          0          0          0          0   entry10a.o
         0          0          0          0          0          0   entry11a.o
         4          0          0          0          0          0   entry12b.o
         8          4          0          0          0          0   entry2.o
         4          0          0          0          0          0   entry5.o
         0          0          0          0          0          0   entry7b.o
         0          0          0          0          0          0   entry8b.o
         8          4          0          0          0          0   entry9a.o
        20         10          0          4          0        136   errno.o
        30          0          0          0          0          0   handlers.o
        36          8          0          0          0         68   init.o
         0          0          0          0          0          0   iusefp.o
        30          0          0          0          0         68   llshl.o
        36          0          0          0          0         68   llsshr.o
        32          0          0          0          0         68   llushr.o
        36          0          0          0          0        108   memseta.o
      1192         60          0          0          0        504   printf8.o
         0          0          0          4          0          0   stdout.o
        24          0          0          0          0         68   strcat.o
        14          0          0          0          0         68   strlen.o
        36          0          0          0          0         80   strstr.o
       114          0          0          0          0         92   strtoul.o
        98          0          0          0          0         92   uldiv.o
        48          0          0          0          0         68   cdrcmple.o
        56          0          0          0          0         88   d2f.o
       334          0          0          0          0        148   dadd.o
       222          0          0          0          0        100   ddiv.o
       186          0          0          0          0        176   depilogue.o
        34          0          0          0          0         76   dflti.o
       228          0          0          0          0         96   dmul.o
        46          0          0          0          0         80   dscalb.o
       162          0          0          0          0        100   dsqrt.o
       110          0          0          0          0        168   fepilogue.o
        50          0          0          0          0         68   ffixi.o

    ----------------------------------------------------------------------
      6270        290        280          8          0       3728   Library Totals
        10          0          3          0          0          0   (incl. Padding)

    ----------------------------------------------------------------------

      Code (inc. data)   RO Data    RW Data    ZI Data      Debug   Library Name

      2868        200        144          0          0        912   m_ws.l
      1916         90        133          8          0       1648   mc_w.l
      1476          0          0          0          0       1168   mf_w.l

    ----------------------------------------------------------------------
      6270        290        280          8          0       3728   Library Totals

    ----------------------------------------------------------------------

==============================================================================


      Code (inc. data)   RO Data    RW Data    ZI Data      Debug   

     15412        762        772        260       1948     321456   Grand Totals
     15412        762        772        260       1948     321456   ELF Image Totals
     15412        762        772        260          0          0   ROM Totals

==============================================================================

    Total RO  Size (Code + RO Data)                16184 (  15.80kB)
    Total RW  Size (RW Data + ZI Data)              2208 (   2.16kB)
    Total ROM Size (Code + RO Data + RW Data)      16444 (  16.06kB)

==============================================================================

